Component: ARM Compiler 5.06 update 7 (build 960) Tool: armlink [4d3601]

==============================================================================

Section Cross References

    startup_stm32h750xx.o(RESET) refers to startup_stm32h750xx.o(STACK) for __initial_sp
    startup_stm32h750xx.o(RESET) refers to startup_stm32h750xx.o(.text) for Reset_Handler
    startup_stm32h750xx.o(RESET) refers to stm32h7xx_it.o(i.NMI_Handler) for NMI_Handler
    startup_stm32h750xx.o(RESET) refers to stm32h7xx_it.o(i.HardFault_Handler) for HardFault_Handler
    startup_stm32h750xx.o(RESET) refers to stm32h7xx_it.o(i.MemManage_Handler) for MemManage_Handler
    startup_stm32h750xx.o(RESET) refers to stm32h7xx_it.o(i.BusFault_Handler) for BusFault_Handler
    startup_stm32h750xx.o(RESET) refers to stm32h7xx_it.o(i.UsageFault_Handler) for UsageFault_Handler
    startup_stm32h750xx.o(RESET) refers to stm32h7xx_it.o(i.SVC_Handler) for SVC_Handler
    startup_stm32h750xx.o(RESET) refers to stm32h7xx_it.o(i.DebugMon_Handler) for DebugMon_Handler
    startup_stm32h750xx.o(RESET) refers to stm32h7xx_it.o(i.PendSV_Handler) for PendSV_Handler
    startup_stm32h750xx.o(RESET) refers to stm32h7xx_it.o(i.SysTick_Handler) for SysTick_Handler
    startup_stm32h750xx.o(RESET) refers to stm32h7xx_it.o(i.DMA2_Stream7_IRQHandler) for DMA2_Stream7_IRQHandler
    startup_stm32h750xx.o(RESET) refers to stm32h7xx_it.o(i.DCMI_IRQHandler) for DCMI_IRQHandler
    startup_stm32h750xx.o(.text) refers to system_stm32h7xx.o(i.SystemInit) for SystemInit
    startup_stm32h750xx.o(.text) refers to entry.o(.ARM.Collect$$$$00000000) for __main
    main.o(i.MPU_Config) refers to stm32h7xx_hal_cortex.o(i.HAL_MPU_Disable) for HAL_MPU_Disable
    main.o(i.MPU_Config) refers to stm32h7xx_hal_cortex.o(i.HAL_MPU_ConfigRegion) for HAL_MPU_ConfigRegion
    main.o(i.MPU_Config) refers to stm32h7xx_hal_cortex.o(i.HAL_MPU_Enable) for HAL_MPU_Enable
    main.o(i.SystemClock_Config) refers to memseta.o(.text) for __aeabi_memclr4
    main.o(i.SystemClock_Config) refers to stm32h7xx_hal_pwr_ex.o(i.HAL_PWREx_ConfigSupply) for HAL_PWREx_ConfigSupply
    main.o(i.SystemClock_Config) refers to stm32h7xx_hal_rcc.o(i.HAL_RCC_OscConfig) for HAL_RCC_OscConfig
    main.o(i.SystemClock_Config) refers to stm32h7xx_hal_rcc.o(i.HAL_RCC_ClockConfig) for HAL_RCC_ClockConfig
    main.o(i.SystemClock_Config) refers to stm32h7xx_hal_rcc_ex.o(i.HAL_RCCEx_PeriphCLKConfig) for HAL_RCCEx_PeriphCLKConfig
    main.o(i.main) refers to main.o(i.MPU_Config) for MPU_Config
    main.o(i.main) refers to stm32h7xx_hal.o(i.HAL_Init) for HAL_Init
    main.o(i.main) refers to main.o(i.SystemClock_Config) for SystemClock_Config
    main.o(i.main) refers to led.o(i.LED_Init) for LED_Init
    main.o(i.main) refers to usart.o(i.USART1_Init) for USART1_Init
    main.o(i.main) refers to dcmi_ov2640.o(i.DCMI_OV2640_Init) for DCMI_OV2640_Init
    main.o(i.main) refers to lcd_spi_169.o(i.SPI_LCD_Init) for SPI_LCD_Init
    main.o(i.main) refers to sdram.o(i.MX_FMC_Init) for MX_FMC_Init
    main.o(i.main) refers to sdram.o(i.SDRAM_Test) for SDRAM_Test
    main.o(i.main) refers to dcmi_ov2640.o(i.OV2640_DMA_Transmit_Continuous) for OV2640_DMA_Transmit_Continuous
    main.o(i.main) refers to lcd_spi_169.o(i.LCD_CopyBuffer) for LCD_CopyBuffer
    main.o(i.main) refers to lcd_spi_169.o(i.LCD_DisplayString) for LCD_DisplayString
    main.o(i.main) refers to lcd_spi_169.o(i.LCD_DisplayNumber) for LCD_DisplayNumber
    main.o(i.main) refers to stm32h7xx_hal_gpio.o(i.HAL_GPIO_TogglePin) for HAL_GPIO_TogglePin
    main.o(i.main) refers to dcmi_ov2640.o(.data) for DCMI_FrameState
    stm32h7xx_it.o(i.DCMI_IRQHandler) refers to stm32h7xx_hal_dcmi.o(i.HAL_DCMI_IRQHandler) for HAL_DCMI_IRQHandler
    stm32h7xx_it.o(i.DCMI_IRQHandler) refers to dcmi_ov2640.o(.bss) for hdcmi
    stm32h7xx_it.o(i.DMA2_Stream7_IRQHandler) refers to stm32h7xx_hal_dma.o(i.HAL_DMA_IRQHandler) for HAL_DMA_IRQHandler
    stm32h7xx_it.o(i.DMA2_Stream7_IRQHandler) refers to dcmi_ov2640.o(.bss) for DMA_Handle_dcmi
    stm32h7xx_it.o(i.SysTick_Handler) refers to stm32h7xx_hal.o(i.HAL_IncTick) for HAL_IncTick
    led.o(i.LED_Init) refers to memseta.o(.text) for __aeabi_memclr4
    led.o(i.LED_Init) refers to stm32h7xx_hal_gpio.o(i.HAL_GPIO_WritePin) for HAL_GPIO_WritePin
    led.o(i.LED_Init) refers to stm32h7xx_hal_gpio.o(i.HAL_GPIO_Init) for HAL_GPIO_Init
    usart.o(i.HAL_UART_MspInit) refers to memseta.o(.text) for __aeabi_memclr4
    usart.o(i.HAL_UART_MspInit) refers to stm32h7xx_hal_gpio.o(i.HAL_GPIO_Init) for HAL_GPIO_Init
    usart.o(i.USART1_Init) refers to stm32h7xx_hal_uart.o(i.HAL_UART_Init) for HAL_UART_Init
    usart.o(i.USART1_Init) refers to stm32h7xx_hal_uart_ex.o(i.HAL_UARTEx_SetTxFifoThreshold) for HAL_UARTEx_SetTxFifoThreshold
    usart.o(i.USART1_Init) refers to stm32h7xx_hal_uart_ex.o(i.HAL_UARTEx_SetRxFifoThreshold) for HAL_UARTEx_SetRxFifoThreshold
[...]
    .bss                                     0x20000a24   Section       68  sdram.o(.bss)
    STACK                                    0x20000a68   Section     1024  startup_stm32h750xx.o(STACK)
    RESET                                    0x90000000   Section      664  startup_stm32h750xx.o(RESET)
    .ARM.Collect$$$$00000000                 0x90000298   Section        0  entry.o(.ARM.Collect$$$$00000000)
    .ARM.Collect$$$$00000001                 0x90000298   Section        4  entry2.o(.ARM.Collect$$$$00000001)
    .ARM.Collect$$$$00000004                 0x9000029c   Section        4  entry5.o(.ARM.Collect$$$$00000004)
    .ARM.Collect$$$$00000008                 0x900002a0   Section        0  entry7b.o(.ARM.Collect$$$$00000008)
    .ARM.Collect$$$$0000000A                 0x900002a0   Section        0  entry8b.o(.ARM.Collect$$$$0000000A)
    .ARM.Collect$$$$0000000B                 0x900002a0   Section        8  entry9a.o(.ARM.Collect$$$$0000000B)
    .ARM.Collect$$$$0000000E                 0x900002a8   Section        4  entry12b.o(.ARM.Collect$$$$0000000E)
    .ARM.Collect$$$$0000000F                 0x900002ac   Section        0  entry10a.o(.ARM.Collect$$$$0000000F)
    .ARM.Collect$$$$00000011                 0x900002ac   Section        0  entry11a.o(.ARM.Collect$$$$00000011)
    .ARM.Collect$$$$00002712                 0x900002ac   Section        4  entry2.o(.ARM.Collect$$$$00002712)
    __lit__00000000                          0x900002ac   Data           4  entry2.o(.ARM.Collect$$$$00002712)
    .text                                    0x900002b0   Section       36  startup_stm32h750xx.o(.text)
    $v0                                      0x900002b0   Number         0  startup_stm32h750xx.o(.text)
    .text                                    0x900002d4   Section        0  uldiv.o(.text)
    .text                                    0x90000336   Section        0  memseta.o(.text)
    .text                                    0x9000035a   Section        0  uidiv.o(.text)
    .text                                    0x90000386   Section        0  llshl.o(.text)
    .text                                    0x900003a4   Section        0  llushr.o(.text)
    .text                                    0x900003c4   Section        0  iusefp.o(.text)
    .text                                    0x900003c4   Section        0  dadd.o(.text)
    .text                                    0x90000512   Section        0  dmul.o(.text)
    .text                                    0x900005f6   Section        0  ddiv.o(.text)
    .text                                    0x900006d4   Section        0  dfixul.o(.text)
    .text                                    0x90000704   Section       48  cdrcmple.o(.text)
    .text                                    0x90000734   Section       36  init.o(.text)
    .text                                    0x90000758   Section        0  llsshr.o(.text)
    .text                                    0x9000077c   Section        0  depilogue.o(.text)
    i.BusFault_Handler                       0x90000836   Section        0  stm32h7xx_it.o(i.BusFault_Handler)
    i.DCMI_DMAError                          0x90000838   Section        0  stm32h7xx_hal_dcmi.o(i.DCMI_DMAError)
    DCMI_DMAError                            0x90000839   Thumb Code    32  stm32h7xx_hal_dcmi.o(i.DCMI_DMAError)
    i.DCMI_DMAXferCplt                       0x90000858   Section        0  stm32h7xx_hal_dcmi.o(i.DCMI_DMAXferCplt)
    DCMI_DMAXferCplt                         0x90000859   Thumb Code   132  stm32h7xx_hal_dcmi.o(i.DCMI_DMAXferCplt)
    i.DCMI_IRQHandler                        0x900008dc   Section        0  stm32h7xx_it.o(i.DCMI_IRQHandler)
    i.DCMI_OV2640_Init                       0x900008e8   Section        0  dcmi_ov2640.o(i.DCMI_OV2640_Init)
    i.DMA2_Stream7_IRQHandler                0x9000097c   Section        0  stm32h7xx_it.o(i.DMA2_Stream7_IRQHandler)
    i.DMA_CalcBaseAndBitshift                0x90000988   Section        0  stm32h7xx_hal_dma.o(i.DMA_CalcBaseAndBitshift)
    DMA_CalcBaseAndBitshift                  0x90000989   Thumb Code   168  stm32h7xx_hal_dma.o(i.DMA_CalcBaseAndBitshift)
    i.DMA_CalcDMAMUXChannelBaseAndMask       0x90000a3c   Section        0  stm32h7xx_hal_dma.o(i.DMA_CalcDMAMUXChannelBaseAndMask)
    DMA_CalcDMAMUXChannelBaseAndMask         0x90000a3d   Thumb Code   138  stm32h7xx_hal_dma.o(i.DMA_CalcDMAMUXChannelBaseAndMask)
    i.DMA_CalcDMAMUXRequestGenBaseAndMask    0x90000ad8   Section        0  stm32h7xx_hal_dma.o(i.DMA_CalcDMAMUXRequestGenBaseAndMask)
    DMA_CalcDMAMUXRequestGenBaseAndMask      0x90000ad9   Thumb Code   104  stm32h7xx_hal_dma.o(i.DMA_CalcDMAMUXRequestGenBaseAndMask)
    i.DMA_CheckFifoParam                     0x90000b4c   Section        0  stm32h7xx_hal_dma.o(i.DMA_CheckFifoParam)
    DMA_CheckFifoParam                       0x90000b4d   Thumb Code    84  stm32h7xx_hal_dma.o(i.DMA_CheckFifoParam)
    i.DMA_MultiBufferSetConfig               0x90000ba0   Section        0  stm32h7xx_hal_dma_ex.o(i.DMA_MultiBufferSetConfig)
    DMA_MultiBufferSetConfig                 0x90000ba1   Thumb Code   150  stm32h7xx_hal_dma_ex.o(i.DMA_MultiBufferSetConfig)
    i.DMA_SetConfig                          0x90000c40   Section        0  stm32h7xx_hal_dma.o(i.DMA_SetConfig)
    DMA_SetConfig                            0x90000c41   Thumb Code   518  stm32h7xx_hal_dma.o(i.DMA_SetConfig)
    i.DebugMon_Handler                       0x90000e60   Section        0  stm32h7xx_it.o(i.DebugMon_Handler)
    i.FMC_SDRAM_Init                         0x90000e62   Section        0  stm32h7xx_ll_fmc.o(i.FMC_SDRAM_Init)
    i.FMC_SDRAM_ProgramRefreshRate           0x90000ecc   Section        0  stm32h7xx_ll_fmc.o(i.FMC_SDRAM_ProgramRefreshRate)
    i.FMC_SDRAM_SendCommand                  0x90000ede   Section        0  stm32h7xx_ll_fmc.o(i.FMC_SDRAM_SendCommand)
    i.FMC_SDRAM_Timing_Init                  0x90000f04   Section        0  stm32h7xx_ll_fmc.o(i.FMC_SDRAM_Timing_Init)
    i.HAL_DCMI_ConfigCrop                    0x90000fb4   Section        0  stm32h7xx_hal_dcmi.o(i.HAL_DCMI_ConfigCrop)
    i.HAL_DCMI_EnableCrop                    0x90000fea   Section        0  stm32h7xx_hal_dcmi.o(i.HAL_DCMI_EnableCrop)
    i.HAL_DCMI_ErrorCallback                 0x9000101c   Section        0  dcmi_ov2640.o(i.HAL_DCMI_ErrorCallback)
    i.HAL_DCMI_FrameEventCallback            0x90001044   Section        0  dcmi_ov2640.o(i.HAL_DCMI_FrameEventCallback)
    i.HAL_DCMI_GetError                      0x90001074   Section        0  stm32h7xx_hal_dcmi.o(i.HAL_DCMI_GetError)
    i.HAL_DCMI_IRQHandler                    0x90001078   Section        0  stm32h7xx_hal_dcmi.o(i.HAL_DCMI_IRQHandler)
    i.HAL_DCMI_Init                          0x90001114   Section        0  stm32h7xx_hal_dcmi.o(i.HAL_DCMI_Init)
    i.HAL_DCMI_LineEventCallback             0x900011b8   Section        0  stm32h7xx_hal_dcmi.o(i.HAL_DCMI_LineEventCallback)
    i.HAL_DCMI_MspInit                       0x900011bc   Section        0  dcmi_ov2640.o(i.HAL_DCMI_MspInit)
    i.HAL_DCMI_Start_DMA                     0x900012ac   Section        0  stm32h7xx_hal_dcmi.o(i.HAL_DCMI_Start_DMA)
    i.HAL_DCMI_VsyncEventCallback            0x90001398   Section        0  stm32h7xx_hal_dcmi.o(i.HAL_DCMI_VsyncEventCallback)
    i.HAL_DMAEx_ChangeMemory                 0x9000139c   Section        0  stm32h7xx_hal_dma_ex.o(i.HAL_DMAEx_ChangeMemory)
    i.HAL_DMAEx_MultiBufferStart_IT          0x9000142c   Section        0  stm32h7xx_hal_dma_ex.o(i.HAL_DMAEx_MultiBufferStart_IT)
    i.HAL_DMA_Abort_IT                       0x90001894   Section        0  stm32h7xx_hal_dma.o(i.HAL_DMA_Abort_IT)
    i.HAL_DMA_IRQHandler                     0x90001b18   Section        0  stm32h7xx_hal_dma.o(i.HAL_DMA_IRQHandler)
    i.HAL_DMA_Init                           0x90002200   Section        0  stm32h7xx_hal_dma.o(i.HAL_DMA_Init)
    i.HAL_DMA_Start_IT                       0x900025c4   Section        0  stm32h7xx_hal_dma.o(i.HAL_DMA_Start_IT)
    i.HAL_Delay                              0x90002860   Section        0  stm32h7xx_hal.o(i.HAL_Delay)
    i.HAL_FMC_MspInit                        0x90002884   Section        0  sdram.o(i.HAL_FMC_MspInit)
    HAL_FMC_MspInit                          0x90002885   Thumb Code   244  sdram.o(i.HAL_FMC_MspInit)
    i.HAL_GPIO_Init                          0x90002994   Section        0  stm32h7xx_hal_gpio.o(i.HAL_GPIO_Init)
    i.HAL_GPIO_ReadPin                       0x90002bc0   Section        0  stm32h7xx_hal_gpio.o(i.HAL_GPIO_ReadPin)
    i.HAL_GPIO_TogglePin                     0x90002bca   Section        0  stm32h7xx_hal_gpio.o(i.HAL_GPIO_TogglePin)
    i.HAL_GPIO_WritePin                      0x90002bda   Section        0  stm32h7xx_hal_gpio.o(i.HAL_GPIO_WritePin)
    i.HAL_GetREVID                           0x90002be4   Section        0  stm32h7xx_hal.o(i.HAL_GetREVID)
    i.HAL_GetTick                            0x90002bf0   Section        0  stm32h7xx_hal.o(i.HAL_GetTick)
    i.HAL_IncTick                            0x90002bfc   Section        0  stm32h7xx_hal.o(i.HAL_IncTick)
    i.HAL_Init                               0x90002c0c   Section        0  stm32h7xx_hal.o(i.HAL_Init)
    i.HAL_InitTick                           0x90002c68   Section        0  stm32h7xx_hal.o(i.HAL_InitTick)
    i.HAL_MPU_ConfigRegion                   0x90002ca8   Section        0  stm32h7xx_hal_cortex.o(i.HAL_MPU_ConfigRegion)
    i.HAL_MPU_Disable                        0x90002d04   Section        0  stm32h7xx_hal_cortex.o(i.HAL_MPU_Disable)
    i.HAL_MPU_Enable                         0x90002d20   Section        0  stm32h7xx_hal_cortex.o(i.HAL_MPU_Enable)
    i.HAL_MspInit                            0x90002d44   Section        0  stm32h7xx_hal_msp.o(i.HAL_MspInit)
    i.HAL_NVIC_EnableIRQ                     0x90002d60   Section        0  stm32h7xx_hal_cortex.o(i.HAL_NVIC_EnableIRQ)
    i.HAL_NVIC_SetPriority                   0x90002d7c   Section        0  stm32h7xx_hal_cortex.o(i.HAL_NVIC_SetPriority)
    i.HAL_NVIC_SetPriorityGrouping           0x90002dbc   Section        0  stm32h7xx_hal_cortex.o(i.HAL_NVIC_SetPriorityGrouping)
    i.HAL_PWREx_ConfigSupply                 0x90002de0   Section        0  stm32h7xx_hal_pwr_ex.o(i.HAL_PWREx_ConfigSupply)
    i.HAL_RCCEx_GetD3PCLK1Freq               0x90002e34   Section        0  stm32h7xx_hal_rcc_ex.o(i.HAL_RCCEx_GetD3PCLK1Freq)
    i.HAL_RCCEx_GetPLL2ClockFreq             0x90002e58   Section        0  stm32h7xx_hal_rcc_ex.o(i.HAL_RCCEx_GetPLL2ClockFreq)
    i.HAL_RCCEx_GetPLL3ClockFreq             0x90002f9c   Section        0  stm32h7xx_hal_rcc_ex.o(i.HAL_RCCEx_GetPLL3ClockFreq)
    i.HAL_RCCEx_PeriphCLKConfig              0x900030e0   Section        0  stm32h7xx_hal_rcc_ex.o(i.HAL_RCCEx_PeriphCLKConfig)
    i.HAL_RCC_ClockConfig                    0x900039b4   Section        0  stm32h7xx_hal_rcc.o(i.HAL_RCC_ClockConfig)
    i.HAL_RCC_GetHCLKFreq                    0x90003c10   Section        0  stm32h7xx_hal_rcc.o(i.HAL_RCC_GetHCLKFreq)
    i.HAL_RCC_GetPCLK1Freq                   0x90003c54   Section        0  stm32h7xx_hal_rcc.o(i.HAL_RCC_GetPCLK1Freq)
    i.HAL_RCC_GetPCLK2Freq                   0x90003c78   Section        0  stm32h7xx_hal_rcc.o(i.HAL_RCC_GetPCLK2Freq)
    i.HAL_RCC_GetSysClockFreq                0x90003c9c   Section        0  stm32h7xx_hal_rcc.o(i.HAL_RCC_GetSysClockFreq)
    i.HAL_RCC_OscConfig                      0x90003dd4   Section        0  stm32h7xx_hal_rcc.o(i.HAL_RCC_OscConfig)
    i.HAL_SDRAM_Init                         0x90004304   Section        0  stm32h7xx_hal_sdram.o(i.HAL_SDRAM_Init)
    i.HAL_SDRAM_MspInit                      0x90004354   Section        0  sdram.o(i.HAL_SDRAM_MspInit)
    i.HAL_SDRAM_ProgramRefreshRate           0x90004358   Section        0  stm32h7xx_hal_sdram.o(i.HAL_SDRAM_ProgramRefreshRate)
    i.HAL_SDRAM_SendCommand                  0x90004388   Section        0  stm32h7xx_hal_sdram.o(i.HAL_SDRAM_SendCommand)
    i.HAL_SPI_Init                           0x900043c4   Section        0  stm32h7xx_hal_spi.o(i.HAL_SPI_Init)
    i.HAL_SPI_MspInit                        0x9000451c   Section        0  lcd_spi_169.o(i.HAL_SPI_MspInit)
    i.HAL_SPI_Transmit                       0x9000460c   Section        0  stm32h7xx_hal_spi.o(i.HAL_SPI_Transmit)
    i.HAL_SYSTICK_Config                     0x90004844   Section        0  stm32h7xx_hal_cortex.o(i.HAL_SYSTICK_Config)
    i.HAL_UARTEx_DisableFifoMode             0x9000486a   Section        0  stm32h7xx_hal_uart_ex.o(i.HAL_UARTEx_DisableFifoMode)
    i.HAL_UARTEx_SetRxFifoThreshold          0x900048aa   Section        0  stm32h7xx_hal_uart_ex.o(i.HAL_UARTEx_SetRxFifoThreshold)
    i.HAL_UARTEx_SetTxFifoThreshold          0x900048f6   Section        0  stm32h7xx_hal_uart_ex.o(i.HAL_UARTEx_SetTxFifoThreshold)
    i.HAL_UART_Init                          0x90004942   Section        0  stm32h7xx_hal_uart.o(i.HAL_UART_Init)
    i.HAL_UART_MspInit                       0x900049ac   Section        0  usart.o(i.HAL_UART_MspInit)
    i.HAL_UART_Transmit                      0x90004a30   Section        0  stm32h7xx_hal_uart.o(i.HAL_UART_Transmit)
    i.HardFault_Handler                      0x90004aee   Section        0  stm32h7xx_it.o(i.HardFault_Handler)
    i.LCD_Clear                              0x90004af0   Section        0  lcd_spi_169.o(i.LCD_Clear)
    i.LCD_CopyBuffer                         0x90004b48   Section        0  lcd_spi_169.o(i.LCD_CopyBuffer)
    i.LCD_DisplayChar                        0x90004b9c   Section        0  lcd_spi_169.o(i.LCD_DisplayChar)
    i.LCD_DisplayNumber                      0x90004c50   Section        0  lcd_spi_169.o(i.LCD_DisplayNumber)
    i.LCD_DisplayString                      0x90004c8c   Section        0  lcd_spi_169.o(i.LCD_DisplayString)
    i.LCD_SPI_CloseTransfer                  0x90004cc8   Section        0  lcd_spi_169.o(i.LCD_SPI_CloseTransfer)
    i.LCD_SPI_Transmit                       0x90004d84   Section        0  lcd_spi_169.o(i.LCD_SPI_Transmit)
    i.LCD_SPI_TransmitBuffer                 0x90004edc   Section        0  lcd_spi_169.o(i.LCD_SPI_TransmitBuffer)
    i.LCD_SPI_WaitOnFlagUntilTimeout         0x90005032   Section        0  lcd_spi_169.o(i.LCD_SPI_WaitOnFlagUntilTimeout)
    i.LCD_SetAddress                         0x90005074   Section        0  lcd_spi_169.o(i.LCD_SetAddress)
    i.LCD_SetBackColor                       0x900050c8   Section        0  lcd_spi_169.o(i.LCD_SetBackColor)
    i.LCD_SetColor                           0x900050ec   Section        0  lcd_spi_169.o(i.LCD_SetColor)
    i.LCD_SetDirection                       0x90005110   Section        0  lcd_spi_169.o(i.LCD_SetDirection)
    i.LCD_WriteBuff                          0x90005180   Section        0  lcd_spi_169.o(i.LCD_WriteBuff)
    i.LCD_WriteCommand                       0x900051c0   Section        0  lcd_spi_169.o(i.LCD_WriteCommand)
    i.LCD_WriteData_16bit                    0x900051e8   Section        0  lcd_spi_169.o(i.LCD_WriteData_16bit)
    i.LCD_WriteData_8bit                     0x90005218   Section        0  lcd_spi_169.o(i.LCD_WriteData_8bit)
    i.LED_Init                               0x9000523c   Section        0  led.o(i.LED_Init)
    i.MPU_Config                             0x9000528c   Section        0  main.o(i.MPU_Config)
    i.MX_DCMI_Init                           0x900052d8   Section        0  dcmi_ov2640.o(i.MX_DCMI_Init)
    i.MX_FMC_Init                            0x9000531c   Section        0  sdram.o(i.MX_FMC_Init)
    i.MX_SPI5_Init                           0x9000538c   Section        0  lcd_spi_169.o(i.MX_SPI5_Init)
    i.MemManage_Handler                      0x900053dc   Section        0  stm32h7xx_it.o(i.MemManage_Handler)
    i.NMI_Handler                            0x900053de   Section        0  stm32h7xx_it.o(i.NMI_Handler)
    i.OV2640_Config                          0x900053e0   Section        0  dcmi_ov2640.o(i.OV2640_Config)
    i.OV2640_DCMI_Crop                       0x90005400   Section        0  dcmi_ov2640.o(i.OV2640_DCMI_Crop)
    i.OV2640_DMA_Init                        0x90005444   Section        0  dcmi_ov2640.o(i.OV2640_DMA_Init)
    i.OV2640_DMA_Transmit_Continuous         0x900054b0   Section        0  dcmi_ov2640.o(i.OV2640_DMA_Transmit_Continuous)
    i.OV2640_Delay                           0x900054dc   Section        0  dcmi_ov2640.o(i.OV2640_Delay)
    i.OV2640_ReadID                          0x9000550c   Section        0  dcmi_ov2640.o(i.OV2640_ReadID)
    i.OV2640_Reset                           0x9000552c   Section        0  dcmi_ov2640.o(i.OV2640_Reset)
    i.OV2640_Set_Framesize                   0x90005564   Section        0  dcmi_ov2640.o(i.OV2640_Set_Framesize)
    i.PendSV_Handler                         0x900055b0   Section        0  stm32h7xx_it.o(i.PendSV_Handler)
    i.RCCEx_PLL2_Config                      0x900055b4   Section        0  stm32h7xx_hal_rcc_ex.o(i.RCCEx_PLL2_Config)
    RCCEx_PLL2_Config                        0x900055b5   Thumb Code   284  stm32h7xx_hal_rcc_ex.o(i.RCCEx_PLL2_Config)
    i.RCCEx_PLL3_Config                      0x900056d4   Section        0  stm32h7xx_hal_rcc_ex.o(i.RCCEx_PLL3_Config)
    RCCEx_PLL3_Config                        0x900056d5   Thumb Code   284  stm32h7xx_hal_rcc_ex.o(i.RCCEx_PLL3_Config)
    i.SCCB_ACK                               0x900057f4   Section        0  sccb.o(i.SCCB_ACK)
    i.SCCB_Delay                             0x90005850   Section        0  sccb.o(i.SCCB_Delay)
    i.SCCB_GPIO_Config                       0x90005878   Section        0  sccb.o(i.SCCB_GPIO_Config)
    i.SCCB_NoACK                             0x900058f4   Section        0  sccb.o(i.SCCB_NoACK)
    i.SCCB_ReadByte                          0x90005944   Section        0  sccb.o(i.SCCB_ReadByte)
    i.SCCB_ReadReg                           0x900059b0   Section        0  sccb.o(i.SCCB_ReadReg)
    i.SCCB_Start                             0x900059e4   Section        0  sccb.o(i.SCCB_Start)
    i.SCCB_Stop                              0x90005a30   Section        0  sccb.o(i.SCCB_Stop)
    i.SCCB_WaitACK                           0x90005a84   Section        0  sccb.o(i.SCCB_WaitACK)
    i.SCCB_WriteByte                         0x90005ae0   Section        0  sccb.o(i.SCCB_WriteByte)
    i.SCCB_WriteHandle                       0x90005b4c   Section        0  sccb.o(i.SCCB_WriteHandle)
    i.SCCB_WriteReg                          0x90005b68   Section        0  sccb.o(i.SCCB_WriteReg)
    i.SDRAM_Initialization_Sequence          0x90005b88   Section        0  sdram.o(i.SDRAM_Initialization_Sequence)
    i.SDRAM_Test                             0x90005c04   Section        0  sdram.o(i.SDRAM_Test)
    i.SPI_CloseTransfer                      0x90005e70   Section        0  stm32h7xx_hal_spi.o(i.SPI_CloseTransfer)
    SPI_CloseTransfer                        0x90005e71   Thumb Code   188  stm32h7xx_hal_spi.o(i.SPI_CloseTransfer)
    i.SPI_LCD_Init                           0x90005f2c   Section        0  lcd_spi_169.o(i.SPI_LCD_Init)
    i.SPI_WaitOnFlagUntilTimeout             0x900060e8   Section        0  stm32h7xx_hal_spi.o(i.SPI_WaitOnFlagUntilTimeout)
    SPI_WaitOnFlagUntilTimeout               0x900060e9   Thumb Code    66  stm32h7xx_hal_spi.o(i.SPI_WaitOnFlagUntilTimeout)
    i.SVC_Handler                            0x9000612a   Section        0  stm32h7xx_it.o(i.SVC_Handler)
    i.SysTick_Handler                        0x9000612c   Section        0  stm32h7xx_it.o(i.SysTick_Handler)
    i.SystemClock_Config                     0x90006130   Section        0  main.o(i.SystemClock_Config)
    i.SystemInit                             0x90006228   Section        0  system_stm32h7xx.o(i.SystemInit)
    i.UARTEx_SetNbDataToProcess              0x9000630c   Section        0  stm32h7xx_hal_uart_ex.o(i.UARTEx_SetNbDataToProcess)
    UARTEx_SetNbDataToProcess                0x9000630d   Thumb Code    62  stm32h7xx_hal_uart_ex.o(i.UARTEx_SetNbDataToProcess)
    i.UART_AdvFeatureConfig                  0x90006350   Section        0  stm32h7xx_hal_uart.o(i.UART_AdvFeatureConfig)
    i.UART_CheckIdleState                    0x90006418   Section        0  stm32h7xx_hal_uart.o(i.UART_CheckIdleState)
    i.UART_SetConfig                         0x90006478   Section        0  stm32h7xx_hal_uart.o(i.UART_SetConfig)
    i.UART_WaitOnFlagUntilTimeout            0x90006824   Section        0  stm32h7xx_hal_uart.o(i.UART_WaitOnFlagUntilTimeout)
    i.USART1_Init                            0x900068f0   Section        0  usart.o(i.USART1_Init)
    i.UsageFault_Handler                     0x9000693c   Section        0  stm32h7xx_it.o(i.UsageFault_Handler)
    i.__0printf                              0x90006940   Section        0  printfa.o(i.__0printf)
    i.__0sprintf                             0x90006960   Section        0  printfa.o(i.__0sprintf)
    i.__NVIC_SetPriority                     0x90006988   Section        0  stm32h7xx_hal_cortex.o(i.__NVIC_SetPriority)
    __NVIC_SetPriority                       0x90006989   Thumb Code    34  stm32h7xx_hal_cortex.o(i.__NVIC_SetPriority)
    i.__scatterload_copy                     0x900069aa   Section       14  handlers.o(i.__scatterload_copy)
    i.__scatterload_null                     0x900069b8   Section        2  handlers.o(i.__scatterload_null)
    i.__scatterload_zeroinit                 0x900069ba   Section       14  handlers.o(i.__scatterload_zeroinit)
    i._fp_digits                             0x900069c8   Section        0  printfa.o(i._fp_digits)
    _fp_digits                               0x900069c9   Thumb Code   366  printfa.o(i._fp_digits)
    i._printf_core                           0x90006b4c   Section        0  printfa.o(i._printf_core)
    _printf_core                             0x90006b4d   Thumb Code  1704  printfa.o(i._printf_core)
    i._printf_post_padding                   0x90007200   Section        0  printfa.o(i._printf_post_padding)
    _printf_post_padding                     0x90007201   Thumb Code    36  printfa.o(i._printf_post_padding)
    i._printf_pre_padding                    0x90007224   Section        0  printfa.o(i._printf_pre_padding)
    _printf_pre_padding                      0x90007225   Thumb Code    46  printfa.o(i._printf_pre_padding)
    i._sputc                                 0x90007252   Section        0  printfa.o(i._sputc)
    _sputc                                   0x90007253   Thumb Code    10  printfa.o(i._sputc)
    i.fputc                                  0x9000725c   Section        0  usart.o(i.fputc)
    i.main                                   0x90007274   Section        0  main.o(i.main)
    .constdata                               0x90007388   Section     4560  lcd_fonts.o(.constdata)
    .constdata                               0x90008558   Section      378  dcmi_ov2640.o(.constdata)
    .constdata                               0x900086d2   Section        8  stm32h7xx_hal_dma.o(.constdata)
    flagBitshiftOffset                       0x900086d2   Data           8  stm32h7xx_hal_dma.o(.constdata)
    .constdata                               0x900086da   Section       24  stm32h7xx_hal_uart.o(.constdata)
    .constdata                               0x900086f2   Section       16  stm32h7xx_hal_uart_ex.o(.constdata)
    numerator                                0x900086f2   Data           8  stm32h7xx_hal_uart_ex.o(.constdata)
    denominator                              0x900086fa   Data           8  stm32h7xx_hal_uart_ex.o(.constdata)
    .constdata                               0x90008702   Section       16  system_stm32h7xx.o(.constdata)
    .conststring                             0x90008714   Section      182  sdram.o(.conststring)

    Global Symbols

    Symbol Name                              Value     Ov Type        Size  Object(Section)

    BuildAttributes$$THM_ISAv4$E$P$D$K$B$S$7EM$VFPv5_D16$PE$PLD8$A:L22UL41UL21$X:L11$S22US41US21$IEEE1$IW$USESV6$~STKCKD$USESV7$~SHL$OSPACE$ROPI$EBA8$MICROLIB$REQ8$PRES8$EABIv2 0x00000000   Number         0  anon$$obj.o ABSOLUTE
    __ARM_use_no_argv                        0x00000000   Number         0  main.o ABSOLUTE
    _printf_a                                0x00000000   Number         0  stubs.o ABSOLUTE
    _printf_c                                0x00000000   Number         0  stubs.o ABSOLUTE
    _printf_charcount                        0x00000000   Number         0  stubs.o ABSOLUTE
    _printf_d                                0x00000000   Number         0  stubs.o ABSOLUTE
    _printf_e                                0x00000000   Number         0  stubs.o ABSOLUTE
    _printf_f                                0x00000000   Number         0  stubs.o ABSOLUTE
    _printf_flags                            0x00000000   Number         0  stubs.o ABSOLUTE
    _printf_fp_dec                           0x00000000   Number         0  stubs.o ABSOLUTE
    _printf_fp_hex                           0x00000000   Number         0  stubs.o ABSOLUTE
    _printf_g                                0x00000000   Number         0  stubs.o ABSOLUTE
    _printf_i                                0x00000000   Number         0  stubs.o ABSOLUTE
    _printf_int_dec                          0x00000000   Number         0  stubs.o ABSOLUTE
    _printf_l                                0x00000000   Number         0  stubs.o ABSOLUTE
    _printf_lc                               0x00000000   Number         0  stubs.o ABSOLUTE
    _printf_ll                               0x00000000   Number         0  stubs.o ABSOLUTE
    _printf_lld                              0x00000000   Number         0  stubs.o ABSOLUTE
    _printf_lli                              0x00000000   Number         0  stubs.o ABSOLUTE
    _printf_llo                              0x00000000   Number         0  stubs.o ABSOLUTE
    _printf_llu                              0x00000000   Number         0  stubs.o ABSOLUTE
    _printf_llx                              0x00000000   Number         0  stubs.o ABSOLUTE
    _printf_longlong_dec                     0x00000000   Number         0  stubs.o ABSOLUTE
    _printf_longlong_hex                     0x00000000   Number         0  stubs.o ABSOLUTE
    _printf_longlong_oct                     0x00000000   Number         0  stubs.o ABSOLUTE
    _printf_ls                               0x00000000   Number         0  stubs.o ABSOLUTE
    _printf_mbtowc                           0x00000000   Number         0  stubs.o ABSOLUTE
    _printf_n                                0x00000000   Number         0  stubs.o ABSOLUTE
    _printf_o                                0x00000000   Number         0  stubs.o ABSOLUTE
    _printf_p                                0x00000000   Number         0  stubs.o ABSOLUTE
    _printf_percent                          0x00000000   Number         0  stubs.o ABSOLUTE
    _printf_pre_padding                      0x00000000   Number         0  stubs.o ABSOLUTE
    _printf_return_value                     0x00000000   Number         0  stubs.o ABSOLUTE
    _printf_s                                0x00000000   Number         0  stubs.o ABSOLUTE
    _printf_sizespec                         0x00000000   Number         0  stubs.o ABSOLUTE
    _printf_str                              0x00000000   Number         0  stubs.o ABSOLUTE
    _printf_truncate_signed                  0x00000000   Number         0  stubs.o ABSOLUTE
    _printf_truncate_unsigned                0x00000000   Number         0  stubs.o ABSOLUTE
    _printf_u                                0x00000000   Number         0  stubs.o ABSOLUTE
    _printf_wc                               0x00000000   Number         0  stubs.o ABSOLUTE
    _printf_wctomb                           0x00000000   Number         0  stubs.o ABSOLUTE
    _printf_widthprec                        0x00000000   Number         0  stubs.o ABSOLUTE
    _printf_x                                0x00000000   Number         0  stubs.o ABSOLUTE
    __arm_fini_                               - Undefined Weak Reference
    __cpp_initialize__aeabi_                  - Undefined Weak Reference
    __cxa_finalize                            - Undefined Weak Reference
    __decompress                              - Undefined Weak Reference
    _clock_init                               - Undefined Weak Reference
    _microlib_exit                            - Undefined Weak Reference
    __Vectors_Size                           0x00000298   Number         0  startup_stm32h750xx.o ABSOLUTE
    ASCII_Font24                             0x20000000   Data          12  lcd_fonts.o(.data)
    DCMI_FrameState                          0x20000014   Data           1  dcmi_ov2640.o(.data)
    OV2640_FPS                               0x20000016   Data           1  dcmi_ov2640.o(.data)
    uwTickFreq                               0x2000001c   Data           1  stm32h7xx_hal.o(.data)
    uwTickPrio                               0x20000020   Data           4  stm32h7xx_hal.o(.data)
    uwTick                                   0x20000024   Data           4  stm32h7xx_hal.o(.data)
    SystemCoreClock                          0x20000028   Data           4  system_stm32h7xx.o(.data)
    SystemD2Clock                            0x2000002c   Data           4  system_stm32h7xx.o(.data)
    __stdout                                 0x20000030   Data           4  stdout.o(.data)
    huart1                                   0x20000034   Data         144  usart.o(.bss)
    hspi5                                    0x200000c4   Data         136  lcd_spi_169.o(.bss)
    LCD_Buff                                 0x2000014c   Data        2048  lcd_spi_169.o(.bss)
    LCD                                      0x2000094c   Data          16  lcd_spi_169.o(.bss)
    hdcmi                                    0x2000095c   Data          80  dcmi_ov2640.o(.bss)
    DMA_Handle_dcmi                          0x200009ac   Data         120  dcmi_ov2640.o(.bss)
    hsdram1                                  0x20000a24   Data          52  sdram.o(.bss)
    command                                  0x20000a58   Data          16  sdram.o(.bss)
    __initial_sp                             0x20000e68   Data           0  startup_stm32h750xx.o(STACK)
    __Vectors                                0x90000000   Data           4  startup_stm32h750xx.o(RESET)
    __Vectors_End                            0x90000298   Data           0  startup_stm32h750xx.o(RESET)
    __main                                   0x90000299   Thumb Code     0  entry.o(.ARM.Collect$$$$00000000)
    _main_stk                                0x90000299   Thumb Code     0  entry2.o(.ARM.Collect$$$$00000001)
    _main_scatterload                        0x9000029d   Thumb Code     0  entry5.o(.ARM.Collect$$$$00000004)
    __main_after_scatterload                 0x900002a1   Thumb Code     0  entry5.o(.ARM.Collect$$$$00000004)
    _main_clock                              0x900002a1   Thumb Code     0  entry7b.o(.ARM.Collect$$$$00000008)
    _main_cpp_init                           0x900002a1   Thumb Code     0  entry8b.o(.ARM.Collect$$$$0000000A)
    _main_init                               0x900002a1   Thumb Code     0  entry9a.o(.ARM.Collect$$$$0000000B)
    __rt_lib_shutdown_fini                   0x900002a9   Thumb Code     0  entry12b.o(.ARM.Collect$$$$0000000E)
    __rt_final_cpp                           0x900002ad   Thumb Code     0  entry10a.o(.ARM.Collect$$$$0000000F)
    __rt_final_exit                          0x900002ad   Thumb Code     0  entry11a.o(.ARM.Collect$$$$00000011)
    Reset_Handler                            0x900002b1   Thumb Code     8  startup_stm32h750xx.o(.text)
    ADC3_IRQHandler                          0x900002cb   Thumb Code     0  startup_stm32h750xx.o(.text)
    ADC_IRQHandler                           0x900002cb   Thumb Code     0  startup_stm32h750xx.o(.text)
    BDMA_Channel0_IRQHandler                 0x900002cb   Thumb Code     0  startup_stm32h750xx.o(.text)
    BDMA_Channel1_IRQHandler                 0x900002cb   Thumb Code     0  startup_stm32h750xx.o(.text)
    BDMA_Channel2_IRQHandler                 0x900002cb   Thumb Code     0  startup_stm32h750xx.o(.text)
    BDMA_Channel3_IRQHandler                 0x900002cb   Thumb Code     0  startup_stm32h750xx.o(.text)
    BDMA_Channel4_IRQHandler                 0x900002cb   Thumb Code     0  startup_stm32h750xx.o(.text)
    BDMA_Channel5_IRQHandler                 0x900002cb   Thumb Code     0  startup_stm32h750xx.o(.text)
    BDMA_Channel6_IRQHandler                 0x900002cb   Thumb Code     0  startup_stm32h750xx.o(.text)
    BDMA_Channel7_IRQHandler                 0x900002cb   Thumb Code     0  startup_stm32h750xx.o(.text)
    CEC_IRQHandler                           0x900002cb   Thumb Code     0  startup_stm32h750xx.o(.text)
    COMP1_IRQHandler                         0x900002cb   Thumb Code     0  startup_stm32h750xx.o(.text)
    CRS_IRQHandler                           0x900002cb   Thumb Code     0  startup_stm32h750xx.o(.text)
    CRYP_IRQHandler                          0x900002cb   Thumb Code     0  startup_stm32h750xx.o(.text)
    DFSDM1_FLT0_IRQHandler                   0x900002cb   Thumb Code     0  startup_stm32h750xx.o(.text)
    DFSDM1_FLT1_IRQHandler                   0x900002cb   Thumb Code     0  startup_stm32h750xx.o(.text)
    DFSDM1_FLT2_IRQHandler                   0x900002cb   Thumb Code     0  startup_stm32h750xx.o(.text)
    DFSDM1_FLT3_IRQHandler                   0x900002cb   Thumb Code     0  startup_stm32h750xx.o(.text)
    DMA1_Stream0_IRQHandler                  0x900002cb   Thumb Code     0  startup_stm32h750xx.o(.text)
    DMA1_Stream1_IRQHandler                  0x900002cb   Thumb Code     0  startup_stm32h750xx.o(.text)
    DMA1_Stream2_IRQHandler                  0x900002cb   Thumb Code     0  startup_stm32h750xx.o(.text)
    DMA1_Stream3_IRQHandler                  0x900002cb   Thumb Code     0  startup_stm32h750xx.o(.text)
    DMA1_Stream4_IRQHandler                  0x900002cb   Thumb Code     0  startup_stm32h750xx.o(.text)
    DMA1_Stream5_IRQHandler                  0x900002cb   Thumb Code     0  startup_stm32h750xx.o(.text)
    DMA1_Stream6_IRQHandler                  0x900002cb   Thumb Code     0  startup_stm32h750xx.o(.text)
    DMA1_Stream7_IRQHandler                  0x900002cb   Thumb Code     0  startup_stm32h750xx.o(.text)
    DMA2D_IRQHandler                         0x900002cb   Thumb Code     0  startup_stm32h750xx.o(.text)
    DMA2_Stream0_IRQHandler                  0x900002cb   Thumb Code     0  startup_stm32h750xx.o(.text)
    DMA2_Stream1_IRQHandler                  0x900002cb   Thumb Code     0  startup_stm32h750xx.o(.text)
    DMA2_Stream2_IRQHandler                  0x900002cb   Thumb Code     0  startup_stm32h750xx.o(.text)
    DMA2_Stream3_IRQHandler                  0x900002cb   Thumb Code     0  startup_stm32h750xx.o(.text)
    DMA2_Stream4_IRQHandler                  0x900002cb   Thumb Code     0  startup_stm32h750xx.o(.text)
    DMA2_Stream5_IRQHandler                  0x900002cb   Thumb Code     0  startup_stm32h750xx.o(.text)
    DMA2_Stream6_IRQHandler                  0x900002cb   Thumb Code     0  startup_stm32h750xx.o(.text)
    DMAMUX1_OVR_IRQHandler                   0x900002cb   Thumb Code     0  startup_stm32h750xx.o(.text)
    DMAMUX2_OVR_IRQHandler                   0x900002cb   Thumb Code     0  startup_stm32h750xx.o(.text)
    ECC_IRQHandler                           0x900002cb   Thumb Code     0  startup_stm32h750xx.o(.text)
    ETH_IRQHandler                           0x900002cb   Thumb Code     0  startup_stm32h750xx.o(.text)
    ETH_WKUP_IRQHandler                      0x900002cb   Thumb Code     0  startup_stm32h750xx.o(.text)
    EXTI0_IRQHandler                         0x900002cb   Thumb Code     0  startup_stm32h750xx.o(.text)
    EXTI15_10_IRQHandler                     0x900002cb   Thumb Code     0  startup_stm32h750xx.o(.text)
    EXTI1_IRQHandler                         0x900002cb   Thumb Code     0  startup_stm32h750xx.o(.text)
    EXTI2_IRQHandler                         0x900002cb   Thumb Code     0  startup_stm32h750xx.o(.text)
    EXTI3_IRQHandler                         0x900002cb   Thumb Code     0  startup_stm32h750xx.o(.text)
    EXTI4_IRQHandler                         0x900002cb   Thumb Code     0  startup_stm32h750xx.o(.text)
    EXTI9_5_IRQHandler                       0x900002cb   Thumb Code     0  startup_stm32h750xx.o(.text)
    FDCAN1_IT0_IRQHandler                    0x900002cb   Thumb Code     0  startup_stm32h750xx.o(.text)
    FDCAN1_IT1_IRQHandler                    0x900002cb   Thumb Code     0  startup_stm32h750xx.o(.text)
    FDCAN2_IT0_IRQHandler                    0x900002cb   Thumb Code     0  startup_stm32h750xx.o(.text)
    FDCAN2_IT1_IRQHandler                    0x900002cb   Thumb Code     0  startup_stm32h750xx.o(.text)
    FDCAN_CAL_IRQHandler                     0x900002cb   Thumb Code     0  startup_stm32h750xx.o(.text)
    FLASH_IRQHandler                         0x900002cb   Thumb Code     0  startup_stm32h750xx.o(.text)
    FMC_IRQHandler                           0x900002cb   Thumb Code     0  startup_stm32h750xx.o(.text)
    FPU_IRQHandler                           0x900002cb   Thumb Code     0  startup_stm32h750xx.o(.text)
    HASH_RNG_IRQHandler                      0x900002cb   Thumb Code     0  startup_stm32h750xx.o(.text)
    HRTIM1_FLT_IRQHandler                    0x900002cb   Thumb Code     0  startup_stm32h750xx.o(.text)
    HRTIM1_Master_IRQHandler                 0x900002cb   Thumb Code     0  startup_stm32h750xx.o(.text)
    HRTIM1_TIMA_IRQHandler                   0x900002cb   Thumb Code     0  startup_stm32h750xx.o(.text)
    HRTIM1_TIMB_IRQHandler                   0x900002cb   Thumb Code     0  startup_stm32h750xx.o(.text)
    HRTIM1_TIMC_IRQHandler                   0x900002cb   Thumb Code     0  startup_stm32h750xx.o(.text)
    HRTIM1_TIMD_IRQHandler                   0x900002cb   Thumb Code     0  startup_stm32h750xx.o(.text)
    HRTIM1_TIME_IRQHandler                   0x900002cb   Thumb Code     0  startup_stm32h750xx.o(.text)
    HSEM1_IRQHandler                         0x900002cb   Thumb Code     0  startup_stm32h750xx.o(.text)
    I2C1_ER_IRQHandler                       0x900002cb   Thumb Code     0  startup_stm32h750xx.o(.text)
    I2C1_EV_IRQHandler                       0x900002cb   Thumb Code     0  startup_stm32h750xx.o(.text)
    I2C2_ER_IRQHandler                       0x900002cb   Thumb Code     0  startup_stm32h750xx.o(.text)
    I2C2_EV_IRQHandler                       0x900002cb   Thumb Code     0  startup_stm32h750xx.o(.text)
    I2C3_ER_IRQHandler                       0x900002cb   Thumb Code     0  startup_stm32h750xx.o(.text)
    I2C3_EV_IRQHandler                       0x900002cb   Thumb Code     0  startup_stm32h750xx.o(.text)
    I2C4_ER_IRQHandler                       0x900002cb   Thumb Code     0  startup_stm32h750xx.o(.text)
    I2C4_EV_IRQHandler                       0x900002cb   Thumb Code     0  startup_stm32h750xx.o(.text)
    JPEG_IRQHandler                          0x900002cb   Thumb Code     0  startup_stm32h750xx.o(.text)
    LPTIM1_IRQHandler                        0x900002cb   Thumb Code     0  startup_stm32h750xx.o(.text)
    LPTIM2_IRQHandler                        0x900002cb   Thumb Code     0  startup_stm32h750xx.o(.text)
    LPTIM3_IRQHandler                        0x900002cb   Thumb Code     0  startup_stm32h750xx.o(.text)
    LPTIM4_IRQHandler                        0x900002cb   Thumb Code     0  startup_stm32h750xx.o(.text)
    LPTIM5_IRQHandler                        0x900002cb   Thumb Code     0  startup_stm32h750xx.o(.text)
    LPUART1_IRQHandler                       0x900002cb   Thumb Code     0  startup_stm32h750xx.o(.text)
    LTDC_ER_IRQHandler                       0x900002cb   Thumb Code     0  startup_stm32h750xx.o(.text)
    LTDC_IRQHandler                          0x900002cb   Thumb Code     0  startup_stm32h750xx.o(.text)
    MDIOS_IRQHandler                         0x900002cb   Thumb Code     0  startup_stm32h750xx.o(.text)
    MDIOS_WKUP_IRQHandler                    0x900002cb   Thumb Code     0  startup_stm32h750xx.o(.text)
    MDMA_IRQHandler                          0x900002cb   Thumb Code     0  startup_stm32h750xx.o(.text)
    OTG_FS_EP1_IN_IRQHandler                 0x900002cb   Thumb Code     0  startup_stm32h750xx.o(.text)
    OTG_FS_EP1_OUT_IRQHandler                0x900002cb   Thumb Code     0  startup_stm32h750xx.o(.text)
    OTG_FS_IRQHandler                        0x900002cb   Thumb Code     0  startup_stm32h750xx.o(.text)
    OTG_FS_WKUP_IRQHandler                   0x900002cb   Thumb Code     0  startup_stm32h750xx.o(.text)
    OTG_HS_EP1_IN_IRQHandler                 0x900002cb   Thumb Code     0  startup_stm32h750xx.o(.text)
    OTG_HS_EP1_OUT_IRQHandler                0x900002cb   Thumb Code     0  startup_stm32h750xx.o(.text)
    OTG_HS_IRQHandler                        0x900002cb   Thumb Code     0  startup_stm32h750xx.o(.text)
    OTG_HS_WKUP_IRQHandler                   0x900002cb   Thumb Code     0  startup_stm32h750xx.o(.text)
    PVD_AVD_IRQHandler                       0x900002cb   Thumb Code     0  startup_stm32h750xx.o(.text)
    QUADSPI_IRQHandler                       0x900002cb   Thumb Code     0  startup_stm32h750xx.o(.text)
    RCC_IRQHandler                           0x900002cb   Thumb Code     0  startup_stm32h750xx.o(.text)
    RTC_Alarm_IRQHandler                     0x900002cb   Thumb Code     0  startup_stm32h750xx.o(.text)
    RTC_WKUP_IRQHandler                      0x900002cb   Thumb Code     0  startup_stm32h750xx.o(.text)
    SAI1_IRQHandler                          0x900002cb   Thumb Code     0  startup_stm32h750xx.o(.text)
    SAI2_IRQHandler                          0x900002cb   Thumb Code     0  startup_stm32h750xx.o(.text)
    SAI3_IRQHandler                          0x900002cb   Thumb Code     0  startup_stm32h750xx.o(.text)
    SAI4_IRQHandler                          0x900002cb   Thumb Code     0  startup_stm32h750xx.o(.text)
    SDMMC1_IRQHandler                        0x900002cb   Thumb Code     0  startup_stm32h750xx.o(.text)
    SDMMC2_IRQHandler                        0x900002cb   Thumb Code     0  startup_stm32h750xx.o(.text)
    SPDIF_RX_IRQHandler                      0x900002cb   Thumb Code     0  startup_stm32h750xx.o(.text)
    SPI1_IRQHandler                          0x900002cb   Thumb Code     0  startup_stm32h750xx.o(.text)
    SPI2_IRQHandler                          0x900002cb   Thumb Code     0  startup_stm32h750xx.o(.text)
    SPI3_IRQHandler                          0x900002cb   Thumb Code     0  startup_stm32h750xx.o(.text)
    SPI4_IRQHandler                          0x900002cb   Thumb Code     0  startup_stm32h750xx.o(.text)
    SPI5_IRQHandler                          0x900002cb   Thumb Code     0  startup_stm32h750xx.o(.text)
    SPI6_IRQHandler                          0x900002cb   Thumb Code     0  startup_stm32h750xx.o(.text)
    SWPMI1_IRQHandler                        0x900002cb   Thumb Code     0  startup_stm32h750xx.o(.text)
    TAMP_STAMP_IRQHandler                    0x900002cb   Thumb Code     0  startup_stm32h750xx.o(.text)
    TIM15_IRQHandler                         0x900002cb   Thumb Code     0  startup_stm32h750xx.o(.text)
    TIM16_IRQHandler                         0x900002cb   Thumb Code     0  startup_stm32h750xx.o(.text)
    TIM17_IRQHandler                         0x900002cb   Thumb Code     0  startup_stm32h750xx.o(.text)
    TIM1_BRK_IRQHandler                      0x900002cb   Thumb Code     0  startup_stm32h750xx.o(.text)
    TIM1_CC_IRQHandler                       0x900002cb   Thumb Code     0  startup_stm32h750xx.o(.text)
    TIM1_TRG_COM_IRQHandler                  0x900002cb   Thumb Code     0  startup_stm32h750xx.o(.text)
    TIM1_UP_IRQHandler                       0x900002cb   Thumb Code     0  startup_stm32h750xx.o(.text)
    TIM2_IRQHandler                          0x900002cb   Thumb Code     0  startup_stm32h750xx.o(.text)
    TIM3_IRQHandler                          0x900002cb   Thumb Code     0  startup_stm32h750xx.o(.text)
    TIM4_IRQHandler                          0x900002cb   Thumb Code     0  startup_stm32h750xx.o(.text)
    TIM5_IRQHandler                          0x900002cb   Thumb Code     0  startup_stm32h750xx.o(.text)
    TIM6_DAC_IRQHandler                      0x900002cb   Thumb Code     0  startup_stm32h750xx.o(.text)
    TIM7_IRQHandler                          0x900002cb   Thumb Code     0  startup_stm32h750xx.o(.text)
    TIM8_BRK_TIM12_IRQHandler                0x900002cb   Thumb Code     0  startup_stm32h750xx.o(.text)
    TIM8_CC_IRQHandler                       0x900002cb   Thumb Code     0  startup_stm32h750xx.o(.text)
    TIM8_TRG_COM_TIM14_IRQHandler            0x900002cb   Thumb Code     0  startup_stm32h750xx.o(.text)
    TIM8_UP_TIM13_IRQHandler                 0x900002cb   Thumb Code     0  startup_stm32h750xx.o(.text)
    UART4_IRQHandler                         0x900002cb   Thumb Code     0  startup_stm32h750xx.o(.text)
    UART5_IRQHandler                         0x900002cb   Thumb Code     0  startup_stm32h750xx.o(.text)
    UART7_IRQHandler                         0x900002cb   Thumb Code     0  startup_stm32h750xx.o(.text)
    UART8_IRQHandler                         0x900002cb   Thumb Code     0  startup_stm32h750xx.o(.text)
    USART1_IRQHandler                        0x900002cb   Thumb Code     0  startup_stm32h750xx.o(.text)
    USART2_IRQHandler                        0x900002cb   Thumb Code     0  startup_stm32h750xx.o(.text)
    USART3_IRQHandler                        0x900002cb   Thumb Code     0  startup_stm32h750xx.o(.text)
    USART6_IRQHandler                        0x900002cb   Thumb Code     0  startup_stm32h750xx.o(.text)
    WAKEUP_PIN_IRQHandler                    0x900002cb   Thumb Code     0  startup_stm32h750xx.o(.text)
    WWDG_IRQHandler                          0x900002cb   Thumb Code     0  startup_stm32h750xx.o(.text)
    __aeabi_uldivmod                         0x900002d5   Thumb Code    98  uldiv.o(.text)
    __aeabi_memset                           0x90000337   Thumb Code    14  memseta.o(.text)
    __aeabi_memset4                          0x90000337   Thumb Code     0  memseta.o(.text)
    __aeabi_memset8                          0x90000337   Thumb Code     0  memseta.o(.text)
    __aeabi_memclr                           0x90000345   Thumb Code     4  memseta.o(.text)
    __aeabi_memclr4                          0x90000345   Thumb Code     0  memseta.o(.text)
    __aeabi_memclr8                          0x90000345   Thumb Code     0  memseta.o(.text)
    _memset$wrapper                          0x90000349   Thumb Code    18  memseta.o(.text)
    __aeabi_uidiv                            0x9000035b   Thumb Code     0  uidiv.o(.text)
    __aeabi_uidivmod                         0x9000035b   Thumb Code    44  uidiv.o(.text)
    __aeabi_llsl                             0x90000387   Thumb Code    30  llshl.o(.text)
    _ll_shift_l                              0x90000387   Thumb Code     0  llshl.o(.text)
    __aeabi_llsr                             0x900003a5   Thumb Code    32  llushr.o(.text)
    _ll_ushift_r                             0x900003a5   Thumb Code     0  llushr.o(.text)
    __I$use$fp                               0x900003c5   Thumb Code     0  iusefp.o(.text)
    __aeabi_dadd                             0x900003c5   Thumb Code   322  dadd.o(.text)
    __aeabi_dsub                             0x90000507   Thumb Code     6  dadd.o(.text)
    __aeabi_drsub                            0x9000050d   Thumb Code     6  dadd.o(.text)
    __aeabi_dmul                             0x90000513   Thumb Code   228  dmul.o(.text)
    __aeabi_ddiv                             0x900005f7   Thumb Code   222  ddiv.o(.text)
    __aeabi_d2ulz                            0x900006d5   Thumb Code    48  dfixul.o(.text)
    __aeabi_cdrcmple                         0x90000705   Thumb Code    48  cdrcmple.o(.text)
    __scatterload                            0x90000735   Thumb Code    28  init.o(.text)
    __scatterload_rt2                        0x90000735   Thumb Code     0  init.o(.text)
    __aeabi_lasr                             0x90000759   Thumb Code    36  llsshr.o(.text)
    _ll_sshift_r                             0x90000759   Thumb Code     0  llsshr.o(.text)
    _double_round                            0x9000077d   Thumb Code    30  depilogue.o(.text)
    _double_epilogue                         0x9000079b   Thumb Code   156  depilogue.o(.text)
    BusFault_Handler                         0x90000837   Thumb Code     2  stm32h7xx_it.o(i.BusFault_Handler)
    DCMI_IRQHandler                          0x900008dd   Thumb Code     6  stm32h7xx_it.o(i.DCMI_IRQHandler)
    DCMI_OV2640_Init                         0x900008e9   Thumb Code    96  dcmi_ov2640.o(i.DCMI_OV2640_Init)
    DMA2_Stream7_IRQHandler                  0x9000097d   Thumb Code     6  stm32h7xx_it.o(i.DMA2_Stream7_IRQHandler)
    DebugMon_Handler                         0x90000e61   Thumb Code     2  stm32h7xx_it.o(i.DebugMon_Handler)
    FMC_SDRAM_Init                           0x90000e63   Thumb Code   106  stm32h7xx_ll_fmc.o(i.FMC_SDRAM_Init)
    FMC_SDRAM_ProgramRefreshRate             0x90000ecd   Thumb Code    18  stm32h7xx_ll_fmc.o(i.FMC_SDRAM_ProgramRefreshRate)
    FMC_SDRAM_SendCommand                    0x90000edf   Thumb Code    38  stm32h7xx_ll_fmc.o(i.FMC_SDRAM_SendCommand)
    FMC_SDRAM_Timing_Init                    0x90000f05   Thumb Code   164  stm32h7xx_ll_fmc.o(i.FMC_SDRAM_Timing_Init)
    HAL_DCMI_ConfigCrop                      0x90000fb5   Thumb Code    54  stm32h7xx_hal_dcmi.o(i.HAL_DCMI_ConfigCrop)
    HAL_DCMI_EnableCrop                      0x90000feb   Thumb Code    48  stm32h7xx_hal_dcmi.o(i.HAL_DCMI_EnableCrop)
    HAL_DCMI_ErrorCallback                   0x9000101d   Thumb Code    18  dcmi_ov2640.o(i.HAL_DCMI_ErrorCallback)
    HAL_DCMI_FrameEventCallback              0x90001045   Thumb Code    44  dcmi_ov2640.o(i.HAL_DCMI_FrameEventCallback)
    HAL_DCMI_GetError                        0x90001075   Thumb Code     4  stm32h7xx_hal_dcmi.o(i.HAL_DCMI_GetError)
    HAL_DCMI_IRQHandler                      0x90001079   Thumb Code   152  stm32h7xx_hal_dcmi.o(i.HAL_DCMI_IRQHandler)
    HAL_DCMI_Init                            0x90001115   Thumb Code   158  stm32h7xx_hal_dcmi.o(i.HAL_DCMI_Init)
    HAL_DCMI_LineEventCallback               0x900011b9   Thumb Code     2  stm32h7xx_hal_dcmi.o(i.HAL_DCMI_LineEventCallback)
    HAL_DCMI_MspInit                         0x900011bd   Thumb Code   220  dcmi_ov2640.o(i.HAL_DCMI_MspInit)
    HAL_DCMI_Start_DMA                       0x900012ad   Thumb Code   226  stm32h7xx_hal_dcmi.o(i.HAL_DCMI_Start_DMA)
    HAL_DCMI_VsyncEventCallback              0x90001399   Thumb Code     2  stm32h7xx_hal_dcmi.o(i.HAL_DCMI_VsyncEventCallback)
    HAL_DMAEx_ChangeMemory                   0x9000139d   Thumb Code   134  stm32h7xx_hal_dma_ex.o(i.HAL_DMAEx_ChangeMemory)
    HAL_DMAEx_MultiBufferStart_IT            0x9000142d   Thumb Code  1128  stm32h7xx_hal_dma_ex.o(i.HAL_DMAEx_MultiBufferStart_IT)
    HAL_DMA_Abort_IT                         0x90001895   Thumb Code   602  stm32h7xx_hal_dma.o(i.HAL_DMA_Abort_IT)
    HAL_DMA_IRQHandler                       0x90001b19   Thumb Code  1756  stm32h7xx_hal_dma.o(i.HAL_DMA_IRQHandler)
    HAL_DMA_Init                             0x90002201   Thumb Code   926  stm32h7xx_hal_dma.o(i.HAL_DMA_Init)
    HAL_DMA_Start_IT                         0x900025c5   Thumb Code   628  stm32h7xx_hal_dma.o(i.HAL_DMA_Start_IT)
    HAL_Delay                                0x90002861   Thumb Code    32  stm32h7xx_hal.o(i.HAL_Delay)
    HAL_GPIO_Init                            0x90002995   Thumb Code   506  stm32h7xx_hal_gpio.o(i.HAL_GPIO_Init)
    HAL_GPIO_ReadPin                         0x90002bc1   Thumb Code    10  stm32h7xx_hal_gpio.o(i.HAL_GPIO_ReadPin)
    HAL_GPIO_TogglePin                       0x90002bcb   Thumb Code    16  stm32h7xx_hal_gpio.o(i.HAL_GPIO_TogglePin)
    HAL_GPIO_WritePin                        0x90002bdb   Thumb Code    10  stm32h7xx_hal_gpio.o(i.HAL_GPIO_WritePin)
    HAL_GetREVID                             0x90002be5   Thumb Code     8  stm32h7xx_hal.o(i.HAL_GetREVID)
    HAL_GetTick                              0x90002bf1   Thumb Code     6  stm32h7xx_hal.o(i.HAL_GetTick)
    HAL_IncTick                              0x90002bfd   Thumb Code    12  stm32h7xx_hal.o(i.HAL_IncTick)
    HAL_Init                                 0x90002c0d   Thumb Code    74  stm32h7xx_hal.o(i.HAL_Init)
    HAL_InitTick                             0x90002c69   Thumb Code    56  stm32h7xx_hal.o(i.HAL_InitTick)
    HAL_MPU_ConfigRegion                     0x90002ca9   Thumb Code    86  stm32h7xx_hal_cortex.o(i.HAL_MPU_ConfigRegion)
    HAL_MPU_Disable                          0x90002d05   Thumb Code    24  stm32h7xx_hal_cortex.o(i.HAL_MPU_Disable)
    HAL_MPU_Enable                           0x90002d21   Thumb Code    30  stm32h7xx_hal_cortex.o(i.HAL_MPU_Enable)
    HAL_MspInit                              0x90002d45   Thumb Code    22  stm32h7xx_hal_msp.o(i.HAL_MspInit)
    HAL_NVIC_EnableIRQ                       0x90002d61   Thumb Code    26  stm32h7xx_hal_cortex.o(i.HAL_NVIC_EnableIRQ)
    HAL_NVIC_SetPriority                     0x90002d7d   Thumb Code    60  stm32h7xx_hal_cortex.o(i.HAL_NVIC_SetPriority)
    HAL_NVIC_SetPriorityGrouping             0x90002dbd   Thumb Code    28  stm32h7xx_hal_cortex.o(i.HAL_NVIC_SetPriorityGrouping)
    HAL_PWREx_ConfigSupply                   0x90002de1   Thumb Code    78  stm32h7xx_hal_pwr_ex.o(i.HAL_PWREx_ConfigSupply)
    HAL_RCCEx_GetD3PCLK1Freq                 0x90002e35   Thumb Code    26  stm32h7xx_hal_rcc_ex.o(i.HAL_RCCEx_GetD3PCLK1Freq)
    HAL_RCCEx_GetPLL2ClockFreq               0x90002e59   Thumb Code   296  stm32h7xx_hal_rcc_ex.o(i.HAL_RCCEx_GetPLL2ClockFreq)
    HAL_RCCEx_GetPLL3ClockFreq               0x90002f9d   Thumb Code   296  stm32h7xx_hal_rcc_ex.o(i.HAL_RCCEx_GetPLL3ClockFreq)
    HAL_RCCEx_PeriphCLKConfig                0x900030e1   Thumb Code  2258  stm32h7xx_hal_rcc_ex.o(i.HAL_RCCEx_PeriphCLKConfig)
    HAL_RCC_ClockConfig                      0x900039b5   Thumb Code   580  stm32h7xx_hal_rcc.o(i.HAL_RCC_ClockConfig)
    HAL_RCC_GetHCLKFreq                      0x90003c11   Thumb Code    52  stm32h7xx_hal_rcc.o(i.HAL_RCC_GetHCLKFreq)
    HAL_RCC_GetPCLK1Freq                     0x90003c55   Thumb Code    26  stm32h7xx_hal_rcc.o(i.HAL_RCC_GetPCLK1Freq)
    HAL_RCC_GetPCLK2Freq                     0x90003c79   Thumb Code    26  stm32h7xx_hal_rcc.o(i.HAL_RCC_GetPCLK2Freq)
    HAL_RCC_GetSysClockFreq                  0x90003c9d   Thumb Code   278  stm32h7xx_hal_rcc.o(i.HAL_RCC_GetSysClockFreq)
    HAL_RCC_OscConfig                        0x90003dd5   Thumb Code  1322  stm32h7xx_hal_rcc.o(i.HAL_RCC_OscConfig)
    HAL_SDRAM_Init                           0x90004305   Thumb Code    76  stm32h7xx_hal_sdram.o(i.HAL_SDRAM_Init)
    HAL_SDRAM_MspInit                        0x90004355   Thumb Code     4  sdram.o(i.HAL_SDRAM_MspInit)
    HAL_SDRAM_ProgramRefreshRate             0x90004359   Thumb Code    46  stm32h7xx_hal_sdram.o(i.HAL_SDRAM_ProgramRefreshRate)
    HAL_SDRAM_SendCommand                    0x90004389   Thumb Code    60  stm32h7xx_hal_sdram.o(i.HAL_SDRAM_SendCommand)
    HAL_SPI_Init                             0x900043c5   Thumb Code   330  stm32h7xx_hal_spi.o(i.HAL_SPI_Init)
    HAL_SPI_MspInit                          0x9000451d   Thumb Code   220  lcd_spi_169.o(i.HAL_SPI_MspInit)
    HAL_SPI_Transmit                         0x9000460d   Thumb Code   568  stm32h7xx_hal_spi.o(i.HAL_SPI_Transmit)
    HAL_SYSTICK_Config                       0x90004845   Thumb Code    38  stm32h7xx_hal_cortex.o(i.HAL_SYSTICK_Config)
    HAL_UARTEx_DisableFifoMode               0x9000486b   Thumb Code    64  stm32h7xx_hal_uart_ex.o(i.HAL_UARTEx_DisableFifoMode)
    HAL_UARTEx_SetRxFifoThreshold            0x900048ab   Thumb Code    76  stm32h7xx_hal_uart_ex.o(i.HAL_UARTEx_SetRxFifoThreshold)
    HAL_UARTEx_SetTxFifoThreshold            0x900048f7   Thumb Code    76  stm32h7xx_hal_uart_ex.o(i.HAL_UARTEx_SetTxFifoThreshold)
    HAL_UART_Init                            0x90004943   Thumb Code   106  stm32h7xx_hal_uart.o(i.HAL_UART_Init)
    HAL_UART_MspInit                         0x900049ad   Thumb Code   120  usart.o(i.HAL_UART_MspInit)
    HAL_UART_Transmit                        0x90004a31   Thumb Code   190  stm32h7xx_hal_uart.o(i.HAL_UART_Transmit)
    HardFault_Handler                        0x90004aef   Thumb Code     2  stm32h7xx_it.o(i.HardFault_Handler)
    LCD_Clear                                0x90004af1   Thumb Code    78  lcd_spi_169.o(i.LCD_Clear)
    LCD_CopyBuffer                           0x90004b49   Thumb Code    74  lcd_spi_169.o(i.LCD_CopyBuffer)
    LCD_DisplayChar                          0x90004b9d   Thumb Code   166  lcd_spi_169.o(i.LCD_DisplayChar)
    LCD_DisplayNumber                        0x90004c51   Thumb Code    42  lcd_spi_169.o(i.LCD_DisplayNumber)
    LCD_DisplayString                        0x90004c8d   Thumb Code    50  lcd_spi_169.o(i.LCD_DisplayString)
    LCD_SPI_CloseTransfer                    0x90004cc9   Thumb Code   188  lcd_spi_169.o(i.LCD_SPI_CloseTransfer)
    LCD_SPI_Transmit                         0x90004d85   Thumb Code   344  lcd_spi_169.o(i.LCD_SPI_Transmit)
    LCD_SPI_TransmitBuffer                   0x90004edd   Thumb Code   342  lcd_spi_169.o(i.LCD_SPI_TransmitBuffer)
    LCD_SPI_WaitOnFlagUntilTimeout           0x90005033   Thumb Code    66  lcd_spi_169.o(i.LCD_SPI_WaitOnFlagUntilTimeout)
    LCD_SetAddress                           0x90005075   Thumb Code    78  lcd_spi_169.o(i.LCD_SetAddress)
    LCD_SetBackColor                         0x900050c9   Thumb Code    30  lcd_spi_169.o(i.LCD_SetBackColor)
    LCD_SetColor                             0x900050ed   Thumb Code    30  lcd_spi_169.o(i.LCD_SetColor)
    LCD_SetDirection                         0x90005111   Thumb Code   106  lcd_spi_169.o(i.LCD_SetDirection)
    LCD_WriteBuff                            0x90005181   Thumb Code    56  lcd_spi_169.o(i.LCD_WriteBuff)
    LCD_WriteCommand                         0x900051c1   Thumb Code    30  lcd_spi_169.o(i.LCD_WriteCommand)
    LCD_WriteData_16bit                      0x900051e9   Thumb Code    40  lcd_spi_169.o(i.LCD_WriteData_16bit)
    LCD_WriteData_8bit                       0x90005219   Thumb Code    28  lcd_spi_169.o(i.LCD_WriteData_8bit)
    LED_Init                                 0x9000523d   Thumb Code    70  led.o(i.LED_Init)
    MPU_Config                               0x9000528d   Thumb Code    74  main.o(i.MPU_Config)
    MX_DCMI_Init                             0x900052d9   Thumb Code    58  dcmi_ov2640.o(i.MX_DCMI_Init)
    MX_FMC_Init                              0x9000531d   Thumb Code   104  sdram.o(i.MX_FMC_Init)
    MX_SPI5_Init                             0x9000538d   Thumb Code    72  lcd_spi_169.o(i.MX_SPI5_Init)
    MemManage_Handler                        0x900053dd   Thumb Code     2  stm32h7xx_it.o(i.MemManage_Handler)
    NMI_Handler                              0x900053df   Thumb Code     2  stm32h7xx_it.o(i.NMI_Handler)
    OV2640_Config                            0x900053e1   Thumb Code    30  dcmi_ov2640.o(i.OV2640_Config)
    OV2640_DCMI_Crop                         0x90005401   Thumb Code    64  dcmi_ov2640.o(i.OV2640_DCMI_Crop)
    OV2640_DMA_Init                          0x90005445   Thumb Code    94  dcmi_ov2640.o(i.OV2640_DMA_Init)
    OV2640_DMA_Transmit_Continuous           0x900054b1   Thumb Code    38  dcmi_ov2640.o(i.OV2640_DMA_Transmit_Continuous)
    OV2640_Delay                             0x900054dd   Thumb Code    48  dcmi_ov2640.o(i.OV2640_Delay)
    OV2640_ReadID                            0x9000550d   Thumb Code    30  dcmi_ov2640.o(i.OV2640_ReadID)
    OV2640_Reset                             0x9000552d   Thumb Code    52  dcmi_ov2640.o(i.OV2640_Reset)
    OV2640_Set_Framesize                     0x90005565   Thumb Code    76  dcmi_ov2640.o(i.OV2640_Set_Framesize)
    PendSV_Handler                           0x900055b1   Thumb Code     2  stm32h7xx_it.o(i.PendSV_Handler)
    SCCB_ACK                                 0x900057f5   Thumb Code    88  sccb.o(i.SCCB_ACK)
    SCCB_Delay                               0x90005851   Thumb Code    40  sccb.o(i.SCCB_Delay)
    SCCB_GPIO_Config                         0x90005879   Thumb Code   114  sccb.o(i.SCCB_GPIO_Config)
    SCCB_NoACK                               0x900058f5   Thumb Code    76  sccb.o(i.SCCB_NoACK)
    SCCB_ReadByte                            0x90005945   Thumb Code   104  sccb.o(i.SCCB_ReadByte)
    SCCB_ReadReg                             0x900059b1   Thumb Code    52  sccb.o(i.SCCB_ReadReg)
    SCCB_Start                               0x900059e5   Thumb Code    70  sccb.o(i.SCCB_Start)
    SCCB_Stop                                0x90005a31   Thumb Code    78  sccb.o(i.SCCB_Stop)
    SCCB_WaitACK                             0x90005a85   Thumb Code    88  sccb.o(i.SCCB_WaitACK)
    SCCB_WriteByte                           0x90005ae1   Thumb Code   102  sccb.o(i.SCCB_WriteByte)
    SCCB_WriteHandle                         0x90005b4d   Thumb Code    28  sccb.o(i.SCCB_WriteHandle)
    SCCB_WriteReg                            0x90005b69   Thumb Code    32  sccb.o(i.SCCB_WriteReg)
    SDRAM_Initialization_Sequence            0x90005b89   Thumb Code   122  sdram.o(i.SDRAM_Initialization_Sequence)
    SDRAM_Test                               0x90005c05   Thumb Code   280  sdram.o(i.SDRAM_Test)
    SPI_LCD_Init                             0x90005f2d   Thumb Code   428  lcd_spi_169.o(i.SPI_LCD_Init)
    SVC_Handler                              0x9000612b   Thumb Code     2  stm32h7xx_it.o(i.SVC_Handler)
    SysTick_Handler                          0x9000612d   Thumb Code     4  stm32h7xx_it.o(i.SysTick_Handler)
    SystemClock_Config                       0x90006131   Thumb Code   236  main.o(i.SystemClock_Config)
    SystemInit                               0x90006229   Thumb Code   188  system_stm32h7xx.o(i.SystemInit)
    UART_AdvFeatureConfig                    0x90006351   Thumb Code   200  stm32h7xx_hal_uart.o(i.UART_AdvFeatureConfig)
    UART_CheckIdleState                      0x90006419   Thumb Code    96  stm32h7xx_hal_uart.o(i.UART_CheckIdleState)
    UART_SetConfig                           0x90006479   Thumb Code   876  stm32h7xx_hal_uart.o(i.UART_SetConfig)
    UART_WaitOnFlagUntilTimeout              0x90006825   Thumb Code   202  stm32h7xx_hal_uart.o(i.UART_WaitOnFlagUntilTimeout)
    USART1_Init                              0x900068f1   Thumb Code    66  usart.o(i.USART1_Init)
    UsageFault_Handler                       0x9000693d   Thumb Code     2  stm32h7xx_it.o(i.UsageFault_Handler)
    __0printf                                0x90006941   Thumb Code    22  printfa.o(i.__0printf)
    __1printf                                0x90006941   Thumb Code     0  printfa.o(i.__0printf)
    __2printf                                0x90006941   Thumb Code     0  printfa.o(i.__0printf)
    __c89printf                              0x90006941   Thumb Code     0  printfa.o(i.__0printf)
    printf                                   0x90006941   Thumb Code     0  printfa.o(i.__0printf)
    __0sprintf                               0x90006961   Thumb Code    34  printfa.o(i.__0sprintf)
    __1sprintf                               0x90006961   Thumb Code     0  printfa.o(i.__0sprintf)
    __2sprintf                               0x90006961   Thumb Code     0  printfa.o(i.__0sprintf)
    __c89sprintf                             0x90006961   Thumb Code     0  printfa.o(i.__0sprintf)
    sprintf                                  0x90006961   Thumb Code     0  printfa.o(i.__0sprintf)
    __scatterload_copy                       0x900069ab   Thumb Code    14  handlers.o(i.__scatterload_copy)
    __scatterload_null                       0x900069b9   Thumb Code     2  handlers.o(i.__scatterload_null)
    __scatterload_zeroinit                   0x900069bb   Thumb Code    14  handlers.o(i.__scatterload_zeroinit)
    fputc                                    0x9000725d   Thumb Code    18  usart.o(i.fputc)
    main                                     0x90007275   Thumb Code   246  main.o(i.main)
    ASCII_2412_Table                         0x90007388   Data        4560  lcd_fonts.o(.constdata)
    OV2640_RGB565_Config                     0x90008558   Data          12  dcmi_ov2640.o(.constdata)
    OV2640_JPEG_Config                       0x90008564   Data          14  dcmi_ov2640.o(.constdata)
    OV2640_SVGA_Config                       0x90008572   Data         352  dcmi_ov2640.o(.constdata)
    UARTPrescTable                           0x900086da   Data          24  stm32h7xx_hal_uart.o(.constdata)
    D1CorePrescTable                         0x90008702   Data          16  system_stm32h7xx.o(.constdata)
    Region$$Table$$Base                      0x900087cc   Number         0  anon$$obj.o(Region$$Table)
    Region$$Table$$Limit                     0x900087ec   Number         0  anon$$obj.o(Region$$Table)



==============================================================================

Memory Map of the image

  Image Entry point : 0x90000299

  Load Region LR_ROM1 (Base: 0x90000000, Size: 0x00008820, Max: 0x00800000, ABSOLUTE)

    Execution Region RW_IRAM1 (Exec base: 0x20000000, Load base: 0x900087ec, Size: 0x00000e68, Max: 0x00020000, ABSOLUTE)

    Exec Addr    Load Addr    Size         Type   Attr      Idx    E Section Name        Object

    0x20000000   0x900087ec   0x0000000c   Data   RW          409    .data               lcd_fonts.o
    0x2000000c   0x900087f8   0x00000008   Data   RW          465    .data               lcd_spi_169.o
    0x20000014   0x90008800   0x00000008   Data   RW          808    .data               dcmi_ov2640.o
    0x2000001c   0x90008808   0x0000000c   Data   RW         2670    .data               stm32h7xx_hal.o
    0x20000028   0x90008814   0x00000008   Data   RW         4737    .data               system_stm32h7xx.o
    0x20000030   0x9000881c   0x00000004   Data   RW         5052    .data               mc_w.l(stdout.o)
    0x20000034        -       0x00000090   Zero   RW          353    .bss                usart.o
    0x200000c4        -       0x00000898   Zero   RW          464    .bss                lcd_spi_169.o
    0x2000095c        -       0x000000c8   Zero   RW          805    .bss                dcmi_ov2640.o
    0x20000a24        -       0x00000044   Zero   RW          962    .bss                sdram.o
    0x20000a68        -       0x00000400   Zero   RW            1    STACK               startup_stm32h750xx.o


    Execution Region ER_ROM1 (Exec base: 0x90000000, Load base: 0x90000000, Size: 0x000087ec, Max: 0x00800000, ABSOLUTE)

    Exec Addr    Load Addr    Size         Type   Attr      Idx    E Section Name        Object

    0x90000000   0x90000000   0x00000298   Data   RO            3    RESET               startup_stm32h750xx.o
    0x90000298   0x90000298   0x00000000   Code   RO         4768  * .ARM.Collect$$$$00000000  mc_w.l(entry.o)
    0x90000298   0x90000298   0x00000004   Code   RO         5036    .ARM.Collect$$$$00000001  mc_w.l(entry2.o)
    0x9000029c   0x9000029c   0x00000004   Code   RO         5039    .ARM.Collect$$$$00000004  mc_w.l(entry5.o)
    0x900002a0   0x900002a0   0x00000000   Code   RO         5041    .ARM.Collect$$$$00000008  mc_w.l(entry7b.o)
    0x900002a0   0x900002a0   0x00000000   Code   RO         5043    .ARM.Collect$$$$0000000A  mc_w.l(entry8b.o)
    0x900002a0   0x900002a0   0x00000008   Code   RO         5044    .ARM.Collect$$$$0000000B  mc_w.l(entry9a.o)
    0x900002a8   0x900002a8   0x00000004   Code   RO         5051    .ARM.Collect$$$$0000000E  mc_w.l(entry12b.o)
    0x900002ac   0x900002ac   0x00000000   Code   RO         5046    .ARM.Collect$$$$0000000F  mc_w.l(entry10a.o)
    0x900002ac   0x900002ac   0x00000000   Code   RO         5048    .ARM.Collect$$$$00000011  mc_w.l(entry11a.o)
    0x900002ac   0x900002ac   0x00000004   Code   RO         5037    .ARM.Collect$$$$00002712  mc_w.l(entry2.o)
    0x900002b0   0x900002b0   0x00000024   Code   RO            4    .text               startup_stm32h750xx.o
    0x900002d4   0x900002d4   0x00000062   Code   RO         4771    .text               mc_w.l(uldiv.o)
    0x90000336   0x90000336   0x00000024   Code   RO         4773    .text               mc_w.l(memseta.o)
    0x9000035a   0x9000035a   0x0000002c   Code   RO         5053    .text               mc_w.l(uidiv.o)
    0x90000386   0x90000386   0x0000001e   Code   RO         5055    .text               mc_w.l(llshl.o)
    0x900003a4   0x900003a4   0x00000020   Code   RO         5057    .text               mc_w.l(llushr.o)
    0x900003c4   0x900003c4   0x00000000   Code   RO         5059    .text               mc_w.l(iusefp.o)
    0x900003c4   0x900003c4   0x0000014e   Code   RO         5060    .text               mf_w.l(dadd.o)
    0x90000512   0x90000512   0x000000e4   Code   RO         5062    .text               mf_w.l(dmul.o)
    0x900005f6   0x900005f6   0x000000de   Code   RO         5064    .text               mf_w.l(ddiv.o)
    0x900006d4   0x900006d4   0x00000030   Code   RO         5066    .text               mf_w.l(dfixul.o)
    0x90000704   0x90000704   0x00000030   Code   RO         5068    .text               mf_w.l(cdrcmple.o)
    0x90000734   0x90000734   0x00000024   Code   RO         5070    .text               mc_w.l(init.o)
    0x90000758   0x90000758   0x00000024   Code   RO         5072    .text               mc_w.l(llsshr.o)
    0x9000077c   0x9000077c   0x000000ba   Code   RO         5074    .text               mf_w.l(depilogue.o)
    0x90000836   0x90000836   0x00000002   Code   RO          210    i.BusFault_Handler  stm32h7xx_it.o
    0x90000838   0x90000838   0x00000020   Code   RO         1153    i.DCMI_DMAError     stm32h7xx_hal_dcmi.o
    0x90000858   0x90000858   0x00000084   Code   RO         1154    i.DCMI_DMAXferCplt  stm32h7xx_hal_dcmi.o
    0x900008dc   0x900008dc   0x0000000c   Code   RO          211    i.DCMI_IRQHandler   stm32h7xx_it.o
    0x900008e8   0x900008e8   0x00000094   Code   RO          781    i.DCMI_OV2640_Init  dcmi_ov2640.o
    0x9000097c   0x9000097c   0x0000000c   Code   RO          212    i.DMA2_Stream7_IRQHandler  stm32h7xx_it.o
    0x90000988   0x90000988   0x000000b4   Code   RO         1915    i.DMA_CalcBaseAndBitshift  stm32h7xx_hal_dma.o
    0x90000a3c   0x90000a3c   0x0000009c   Code   RO         1916    i.DMA_CalcDMAMUXChannelBaseAndMask  stm32h7xx_hal_dma.o
    0x90000ad8   0x90000ad8   0x00000074   Code   RO         1917    i.DMA_CalcDMAMUXRequestGenBaseAndMask  stm32h7xx_hal_dma.o
    0x90000b4c   0x90000b4c   0x00000054   Code   RO         1918    i.DMA_CheckFifoParam  stm32h7xx_hal_dma.o
    0x90000ba0   0x90000ba0   0x000000a0   Code   RO         2031    i.DMA_MultiBufferSetConfig  stm32h7xx_hal_dma_ex.o
    0x90000c40   0x90000c40   0x00000220   Code   RO         1919    i.DMA_SetConfig     stm32h7xx_hal_dma.o
    0x90000e60   0x90000e60   0x00000002   Code   RO          213    i.DebugMon_Handler  stm32h7xx_it.o
    0x90000e62   0x90000e62   0x0000006a   Code   RO         3537    i.FMC_SDRAM_Init    stm32h7xx_ll_fmc.o
    0x90000ecc   0x90000ecc   0x00000012   Code   RO         3538    i.FMC_SDRAM_ProgramRefreshRate  stm32h7xx_ll_fmc.o
    0x90000ede   0x90000ede   0x00000026   Code   RO         3539    i.FMC_SDRAM_SendCommand  stm32h7xx_ll_fmc.o
    0x90000f04   0x90000f04   0x000000b0   Code   RO         3541    i.FMC_SDRAM_Timing_Init  stm32h7xx_ll_fmc.o
    0x90000fb4   0x90000fb4   0x00000036   Code   RO         1155    i.HAL_DCMI_ConfigCrop  stm32h7xx_hal_dcmi.o
    0x90000fea   0x90000fea   0x00000030   Code   RO         1159    i.HAL_DCMI_EnableCrop  stm32h7xx_hal_dcmi.o
    0x9000101a   0x9000101a   0x00000002   PAD
    0x9000101c   0x9000101c   0x00000028   Code   RO          782    i.HAL_DCMI_ErrorCallback  dcmi_ov2640.o
    0x90001044   0x90001044   0x00000030   Code   RO          783    i.HAL_DCMI_FrameEventCallback  dcmi_ov2640.o
    0x90001074   0x90001074   0x00000004   Code   RO         1162    i.HAL_DCMI_GetError  stm32h7xx_hal_dcmi.o
    0x90001078   0x90001078   0x0000009c   Code   RO         1164    i.HAL_DCMI_IRQHandler  stm32h7xx_hal_dcmi.o
    0x90001114   0x90001114   0x000000a4   Code   RO         1165    i.HAL_DCMI_Init     stm32h7xx_hal_dcmi.o
    0x900011b8   0x900011b8   0x00000002   Code   RO         1166    i.HAL_DCMI_LineEventCallback  stm32h7xx_hal_dcmi.o
    0x900011ba   0x900011ba   0x00000002   PAD
    0x900011bc   0x900011bc   0x000000f0   Code   RO          784    i.HAL_DCMI_MspInit  dcmi_ov2640.o
    0x900012ac   0x900012ac   0x000000ec   Code   RO         1170    i.HAL_DCMI_Start_DMA  stm32h7xx_hal_dcmi.o
    0x90001398   0x90001398   0x00000002   Code   RO         1173    i.HAL_DCMI_VsyncEventCallback  stm32h7xx_hal_dcmi.o
    0x9000139a   0x9000139a   0x00000002   PAD
    0x9000139c   0x9000139c   0x00000090   Code   RO         2032    i.HAL_DMAEx_ChangeMemory  stm32h7xx_hal_dma_ex.o
    0x9000142c   0x9000142c   0x00000468   Code   RO         2039    i.HAL_DMAEx_MultiBufferStart_IT  stm32h7xx_hal_dma_ex.o
    0x90001894   0x90001894   0x00000284   Code   RO         1921    i.HAL_DMA_Abort_IT  stm32h7xx_hal_dma.o
    0x90001b18   0x90001b18   0x000006e8   Code   RO         1925    i.HAL_DMA_IRQHandler  stm32h7xx_hal_dma.o
    0x90002200   0x90002200   0x000003c4   Code   RO         1926    i.HAL_DMA_Init      stm32h7xx_hal_dma.o
    0x900025c4   0x900025c4   0x0000029c   Code   RO         1930    i.HAL_DMA_Start_IT  stm32h7xx_hal_dma.o
    0x90002860   0x90002860   0x00000024   Code   RO         2629    i.HAL_Delay         stm32h7xx_hal.o
    0x90002884   0x90002884   0x00000110   Code   RO          957    i.HAL_FMC_MspInit   sdram.o
    0x90002994   0x90002994   0x0000022c   Code   RO         1768    i.HAL_GPIO_Init     stm32h7xx_hal_gpio.o
    0x90002bc0   0x90002bc0   0x0000000a   Code   RO         1770    i.HAL_GPIO_ReadPin  stm32h7xx_hal_gpio.o
    0x90002bca   0x90002bca   0x00000010   Code   RO         1771    i.HAL_GPIO_TogglePin  stm32h7xx_hal_gpio.o
    0x90002bda   0x90002bda   0x0000000a   Code   RO         1772    i.HAL_GPIO_WritePin  stm32h7xx_hal_gpio.o
    0x90002be4   0x90002be4   0x0000000c   Code   RO         2640    i.HAL_GetREVID      stm32h7xx_hal.o
    0x90002bf0   0x90002bf0   0x0000000c   Code   RO         2641    i.HAL_GetTick       stm32h7xx_hal.o
    0x90002bfc   0x90002bfc   0x00000010   Code   RO         2647    i.HAL_IncTick       stm32h7xx_hal.o
    0x90002c0c   0x90002c0c   0x0000005c   Code   RO         2648    i.HAL_Init          stm32h7xx_hal.o
    0x90002c68   0x90002c68   0x00000040   Code   RO         2649    i.HAL_InitTick      stm32h7xx_hal.o
    0x90002ca8   0x90002ca8   0x0000005c   Code   RO         1013    i.HAL_MPU_ConfigRegion  stm32h7xx_hal_cortex.o
    0x90002d04   0x90002d04   0x0000001c   Code   RO         1014    i.HAL_MPU_Disable   stm32h7xx_hal_cortex.o
    0x90002d20   0x90002d20   0x00000024   Code   RO         1015    i.HAL_MPU_Enable    stm32h7xx_hal_cortex.o
    0x90002d44   0x90002d44   0x0000001c   Code   RO          302    i.HAL_MspInit       stm32h7xx_hal_msp.o
    0x90002d60   0x90002d60   0x0000001a   Code   RO         1018    i.HAL_NVIC_EnableIRQ  stm32h7xx_hal_cortex.o
    0x90002d7a   0x90002d7a   0x00000002   PAD
    0x90002d7c   0x90002d7c   0x00000040   Code   RO         1024    i.HAL_NVIC_SetPriority  stm32h7xx_hal_cortex.o
    0x90002dbc   0x90002dbc   0x00000024   Code   RO         1025    i.HAL_NVIC_SetPriorityGrouping  stm32h7xx_hal_cortex.o
    0x90002de0   0x90002de0   0x00000054   Code   RO         2369    i.HAL_PWREx_ConfigSupply  stm32h7xx_hal_pwr_ex.o
    0x90002e34   0x90002e34   0x00000024   Code   RO         1411    i.HAL_RCCEx_GetD3PCLK1Freq  stm32h7xx_hal_rcc_ex.o
    0x90002e58   0x90002e58   0x00000144   Code   RO         1413    i.HAL_RCCEx_GetPLL2ClockFreq  stm32h7xx_hal_rcc_ex.o
    0x90002f9c   0x90002f9c   0x00000144   Code   RO         1414    i.HAL_RCCEx_GetPLL3ClockFreq  stm32h7xx_hal_rcc_ex.o
    0x900030e0   0x900030e0   0x000008d2   Code   RO         1420    i.HAL_RCCEx_PeriphCLKConfig  stm32h7xx_hal_rcc_ex.o
    0x900039b2   0x900039b2   0x00000002   PAD
    0x900039b4   0x900039b4   0x0000025c   Code   RO         1296    i.HAL_RCC_ClockConfig  stm32h7xx_hal_rcc.o
    0x90003c10   0x90003c10   0x00000044   Code   RO         1301    i.HAL_RCC_GetHCLKFreq  stm32h7xx_hal_rcc.o
    0x90003c54   0x90003c54   0x00000024   Code   RO         1303    i.HAL_RCC_GetPCLK1Freq  stm32h7xx_hal_rcc.o
    0x90003c78   0x90003c78   0x00000024   Code   RO         1304    i.HAL_RCC_GetPCLK2Freq  stm32h7xx_hal_rcc.o
    0x90003c9c   0x90003c9c   0x00000138   Code   RO         1305    i.HAL_RCC_GetSysClockFreq  stm32h7xx_hal_rcc.o
    0x90003dd4   0x90003dd4   0x00000530   Code   RO         1308    i.HAL_RCC_OscConfig  stm32h7xx_hal_rcc.o
    0x90004304   0x90004304   0x00000050   Code   RO         3678    i.HAL_SDRAM_Init    stm32h7xx_hal_sdram.o
    0x90004354   0x90004354   0x00000004   Code   RO          958    i.HAL_SDRAM_MspInit  sdram.o
    0x90004358   0x90004358   0x0000002e   Code   RO         3681    i.HAL_SDRAM_ProgramRefreshRate  stm32h7xx_hal_sdram.o
    0x90004386   0x90004386   0x00000002   PAD
    0x90004388   0x90004388   0x0000003c   Code   RO         3687    i.HAL_SDRAM_SendCommand  stm32h7xx_hal_sdram.o
    0x900043c4   0x900043c4   0x00000158   Code   RO         3854    i.HAL_SPI_Init      stm32h7xx_hal_spi.o
    0x9000451c   0x9000451c   0x000000f0   Code   RO          427    i.HAL_SPI_MspInit   lcd_spi_169.o
    0x9000460c   0x9000460c   0x00000238   Code   RO         3862    i.HAL_SPI_Transmit  stm32h7xx_hal_spi.o
    0x90004844   0x90004844   0x00000026   Code   RO         1029    i.HAL_SYSTICK_Config  stm32h7xx_hal_cortex.o
    0x9000486a   0x9000486a   0x00000040   Code   RO         4622    i.HAL_UARTEx_DisableFifoMode  stm32h7xx_hal_uart_ex.o
    0x900048aa   0x900048aa   0x0000004c   Code   RO         4630    i.HAL_UARTEx_SetRxFifoThreshold  stm32h7xx_hal_uart_ex.o
    0x900048f6   0x900048f6   0x0000004c   Code   RO         4631    i.HAL_UARTEx_SetTxFifoThreshold  stm32h7xx_hal_uart_ex.o
    0x90004942   0x90004942   0x0000006a   Code   RO         4231    i.HAL_UART_Init     stm32h7xx_hal_uart.o
    0x900049ac   0x900049ac   0x00000084   Code   RO          350    i.HAL_UART_MspInit  usart.o
    0x90004a30   0x90004a30   0x000000be   Code   RO         4240    i.HAL_UART_Transmit  stm32h7xx_hal_uart.o
    0x90004aee   0x90004aee   0x00000002   Code   RO          214    i.HardFault_Handler  stm32h7xx_it.o
    0x90004af0   0x90004af0   0x00000058   Code   RO          428    i.LCD_Clear         lcd_spi_169.o
    0x90004b48   0x90004b48   0x00000054   Code   RO          430    i.LCD_CopyBuffer    lcd_spi_169.o
    0x90004b9c   0x90004b9c   0x000000b4   Code   RO          431    i.LCD_DisplayChar   lcd_spi_169.o
    0x90004c50   0x90004c50   0x0000003c   Code   RO          434    i.LCD_DisplayNumber  lcd_spi_169.o
    0x90004c8c   0x90004c8c   0x0000003c   Code   RO          435    i.LCD_DisplayString  lcd_spi_169.o
    0x90004cc8   0x90004cc8   0x000000bc   Code   RO          447    i.LCD_SPI_CloseTransfer  lcd_spi_169.o
    0x90004d84   0x90004d84   0x00000158   Code   RO          448    i.LCD_SPI_Transmit  lcd_spi_169.o
    0x90004edc   0x90004edc   0x00000156   Code   RO          449    i.LCD_SPI_TransmitBuffer  lcd_spi_169.o
    0x90005032   0x90005032   0x00000042   Code   RO          450    i.LCD_SPI_WaitOnFlagUntilTimeout  lcd_spi_169.o
    0x90005074   0x90005074   0x00000054   Code   RO          451    i.LCD_SetAddress    lcd_spi_169.o
    0x900050c8   0x900050c8   0x00000024   Code   RO          453    i.LCD_SetBackColor  lcd_spi_169.o
    0x900050ec   0x900050ec   0x00000024   Code   RO          454    i.LCD_SetColor      lcd_spi_169.o
    0x90005110   0x90005110   0x00000070   Code   RO          455    i.LCD_SetDirection  lcd_spi_169.o
    0x90005180   0x90005180   0x00000040   Code   RO          458    i.LCD_WriteBuff     lcd_spi_169.o
    0x900051c0   0x900051c0   0x00000028   Code   RO          459    i.LCD_WriteCommand  lcd_spi_169.o
    0x900051e8   0x900051e8   0x00000030   Code   RO          460    i.LCD_WriteData_16bit  lcd_spi_169.o
    0x90005218   0x90005218   0x00000024   Code   RO          461    i.LCD_WriteData_8bit  lcd_spi_169.o
    0x9000523c   0x9000523c   0x00000050   Code   RO          326    i.LED_Init          led.o
    0x9000528c   0x9000528c   0x0000004a   Code   RO           14    i.MPU_Config        main.o
    0x900052d6   0x900052d6   0x00000002   PAD
    0x900052d8   0x900052d8   0x00000044   Code   RO          785    i.MX_DCMI_Init      dcmi_ov2640.o
    0x9000531c   0x9000531c   0x00000070   Code   RO          959    i.MX_FMC_Init       sdram.o
    0x9000538c   0x9000538c   0x00000050   Code   RO          462    i.MX_SPI5_Init      lcd_spi_169.o
    0x900053dc   0x900053dc   0x00000002   Code   RO          215    i.MemManage_Handler  stm32h7xx_it.o
    0x900053de   0x900053de   0x00000002   Code   RO          216    i.NMI_Handler       stm32h7xx_it.o
    0x900053e0   0x900053e0   0x0000001e   Code   RO          786    i.OV2640_Config     dcmi_ov2640.o
    0x900053fe   0x900053fe   0x00000002   PAD
    0x90005400   0x90005400   0x00000044   Code   RO          787    i.OV2640_DCMI_Crop  dcmi_ov2640.o
    0x90005444   0x90005444   0x0000006c   Code   RO          791    i.OV2640_DMA_Init   dcmi_ov2640.o
    0x900054b0   0x900054b0   0x0000002c   Code   RO          792    i.OV2640_DMA_Transmit_Continuous  dcmi_ov2640.o
    0x900054dc   0x900054dc   0x00000030   Code   RO          794    i.OV2640_Delay      dcmi_ov2640.o
    0x9000550c   0x9000550c   0x0000001e   Code   RO          795    i.OV2640_ReadID     dcmi_ov2640.o
    0x9000552a   0x9000552a   0x00000002   PAD
    0x9000552c   0x9000552c   0x00000038   Code   RO          796    i.OV2640_Reset      dcmi_ov2640.o
    0x90005564   0x90005564   0x0000004c   Code   RO          800    i.OV2640_Set_Framesize  dcmi_ov2640.o
    0x900055b0   0x900055b0   0x00000002   Code   RO          217    i.PendSV_Handler    stm32h7xx_it.o
    0x900055b2   0x900055b2   0x00000002   PAD
    0x900055b4   0x900055b4   0x00000120   Code   RO         1423    i.RCCEx_PLL2_Config  stm32h7xx_hal_rcc_ex.o
    0x900056d4   0x900056d4   0x00000120   Code   RO         1424    i.RCCEx_PLL3_Config  stm32h7xx_hal_rcc_ex.o
    0x900057f4   0x900057f4   0x0000005c   Code   RO          668    i.SCCB_ACK          sccb.o
    0x90005850   0x90005850   0x00000028   Code   RO          669    i.SCCB_Delay        sccb.o
    0x90005878   0x90005878   0x0000007c   Code   RO          670    i.SCCB_GPIO_Config  sccb.o
    0x900058f4   0x900058f4   0x00000050   Code   RO          671    i.SCCB_NoACK        sccb.o
    0x90005944   0x90005944   0x0000006c   Code   RO          672    i.SCCB_ReadByte     sccb.o
    0x900059b0   0x900059b0   0x00000034   Code   RO          673    i.SCCB_ReadReg      sccb.o
    0x900059e4   0x900059e4   0x0000004c   Code   RO          675    i.SCCB_Start        sccb.o
    0x90005a30   0x90005a30   0x00000054   Code   RO          676    i.SCCB_Stop         sccb.o
    0x90005a84   0x90005a84   0x0000005c   Code   RO          677    i.SCCB_WaitACK      sccb.o
    0x90005ae0   0x90005ae0   0x0000006c   Code   RO          679    i.SCCB_WriteByte    sccb.o
    0x90005b4c   0x90005b4c   0x0000001c   Code   RO          680    i.SCCB_WriteHandle  sccb.o
    0x90005b68   0x90005b68   0x00000020   Code   RO          682    i.SCCB_WriteReg     sccb.o
    0x90005b88   0x90005b88   0x0000007a   Code   RO          960    i.SDRAM_Initialization_Sequence  sdram.o
    0x90005c02   0x90005c02   0x00000002   PAD
    0x90005c04   0x90005c04   0x0000026c   Code   RO          961    i.SDRAM_Test        sdram.o
    0x90005e70   0x90005e70   0x000000bc   Code   RO         3873    i.SPI_CloseTransfer  stm32h7xx_hal_spi.o
    0x90005f2c   0x90005f2c   0x000001bc   Code   RO          463    i.SPI_LCD_Init      lcd_spi_169.o
    0x900060e8   0x900060e8   0x00000042   Code   RO         3890    i.SPI_WaitOnFlagUntilTimeout  stm32h7xx_hal_spi.o
    0x9000612a   0x9000612a   0x00000002   Code   RO          218    i.SVC_Handler       stm32h7xx_it.o
    0x9000612c   0x9000612c   0x00000004   Code   RO          219    i.SysTick_Handler   stm32h7xx_it.o
    0x90006130   0x90006130   0x000000f8   Code   RO           15    i.SystemClock_Config  main.o
    0x90006228   0x90006228   0x000000e4   Code   RO         4735    i.SystemInit        system_stm32h7xx.o
    0x9000630c   0x9000630c   0x00000044   Code   RO         4635    i.UARTEx_SetNbDataToProcess  stm32h7xx_hal_uart_ex.o
    0x90006350   0x90006350   0x000000c8   Code   RO         4245    i.UART_AdvFeatureConfig  stm32h7xx_hal_uart.o
    0x90006418   0x90006418   0x00000060   Code   RO         4246    i.UART_CheckIdleState  stm32h7xx_hal_uart.o
    0x90006478   0x90006478   0x000003ac   Code   RO         4263    i.UART_SetConfig    stm32h7xx_hal_uart.o
    0x90006824   0x90006824   0x000000ca   Code   RO         4270    i.UART_WaitOnFlagUntilTimeout  stm32h7xx_hal_uart.o
    0x900068ee   0x900068ee   0x00000002   PAD
    0x900068f0   0x900068f0   0x0000004c   Code   RO          351    i.USART1_Init       usart.o
    0x9000693c   0x9000693c   0x00000002   Code   RO          220    i.UsageFault_Handler  stm32h7xx_it.o
    0x9000693e   0x9000693e   0x00000002   PAD
    0x90006940   0x90006940   0x00000020   Code   RO         5008    i.__0printf         mc_w.l(printfa.o)
    0x90006960   0x90006960   0x00000028   Code   RO         5010    i.__0sprintf        mc_w.l(printfa.o)
    0x90006988   0x90006988   0x00000022   Code   RO         1031    i.__NVIC_SetPriority  stm32h7xx_hal_cortex.o
    0x900069aa   0x900069aa   0x0000000e   Code   RO         5078    i.__scatterload_copy  mc_w.l(handlers.o)
    0x900069b8   0x900069b8   0x00000002   Code   RO         5079    i.__scatterload_null  mc_w.l(handlers.o)
    0x900069ba   0x900069ba   0x0000000e   Code   RO         5080    i.__scatterload_zeroinit  mc_w.l(handlers.o)
    0x900069c8   0x900069c8   0x00000184   Code   RO         5015    i._fp_digits        mc_w.l(printfa.o)
    0x90006b4c   0x90006b4c   0x000006b4   Code   RO         5016    i._printf_core      mc_w.l(printfa.o)
    0x90007200   0x90007200   0x00000024   Code   RO         5017    i._printf_post_padding  mc_w.l(printfa.o)
    0x90007224   0x90007224   0x0000002e   Code   RO         5018    i._printf_pre_padding  mc_w.l(printfa.o)
    0x90007252   0x90007252   0x0000000a   Code   RO         5020    i._sputc            mc_w.l(printfa.o)
    0x9000725c   0x9000725c   0x00000018   Code   RO          352    i.fputc             usart.o
    0x90007274   0x90007274   0x00000114   Code   RO           16    i.main              main.o
    0x90007388   0x90007388   0x000011d0   Data   RO          399    .constdata          lcd_fonts.o
    0x90008558   0x90008558   0x0000017a   Data   RO          806    .constdata          dcmi_ov2640.o
    0x900086d2   0x900086d2   0x00000008   Data   RO         1932    .constdata          stm32h7xx_hal_dma.o
    0x900086da   0x900086da   0x00000018   Data   RO         4271    .constdata          stm32h7xx_hal_uart.o
    0x900086f2   0x900086f2   0x00000010   Data   RO         4636    .constdata          stm32h7xx_hal_uart_ex.o
    0x90008702   0x90008702   0x00000010   Data   RO         4736    .constdata          system_stm32h7xx.o
    0x90008712   0x90008712   0x00000002   PAD
    0x90008714   0x90008714   0x000000b6   Data   RO          963    .conststring        sdram.o
    0x900087ca   0x900087ca   0x00000002   PAD
    0x900087cc   0x900087cc   0x00000020   Data   RO         5076    Region$$Table       anon$$obj.o


==============================================================================

Image component sizes


      Code (inc. data)   RO Data    RW Data    ZI Data      Debug   Object Name

      1004        136        378          8        200      10524   dcmi_ov2640.o
         0          0       4560         12          0       2135   lcd_fonts.o
      2632        164          0          8       2200      17100   lcd_spi_169.o
        80         10          0          0          0       1111   led.o
       598         42          0          0          0    1345313   main.o
       916         44          0          0          0       8073   sccb.o
      1130        376        182          0         68       4597   sdram.o
        36          8        664          0       1024        852   startup_stm32h750xx.o
       232         44          0         12          0      23704   stm32h7xx_hal.o
       354         28          0          0          0      42193   stm32h7xx_hal_cortex.o
       830         20          0          0          0       8094   stm32h7xx_hal_dcmi.o
      5124        218          8          0          0      11110   stm32h7xx_hal_dma.o
      1432         56          0          0          0       3569   stm32h7xx_hal_dma_ex.o
       592         50          0          0          0       3764   stm32h7xx_hal_gpio.o
        28          6          0          0          0        994   stm32h7xx_hal_msp.o
        84          6          0          0          0        817   stm32h7xx_hal_pwr_ex.o
      2384        108          0          0          0       7356   stm32h7xx_hal_rcc.o
      3518        112          0          0          0       8097   stm32h7xx_hal_rcc_ex.o
       186          4          0          0          0       3088   stm32h7xx_hal_sdram.o
      1166         14          0          0          0       5038   stm32h7xx_hal_spi.o
      1734        106         24          0          0      26330   stm32h7xx_hal_uart.o
       284          6         16          0          0       3957   stm32h7xx_hal_uart_ex.o
        44         12          0          0          0       5434   stm32h7xx_it.o
       338         12          0          0          0       4468   stm32h7xx_ll_fmc.o
       228         40         16          8          0       1606   system_stm32h7xx.o
       232         28          0          0        144       3866   usart.o

    ----------------------------------------------------------------------
     25212       1650       5884         48       3636    1553190   Object Totals
         0          0         32          0          0          0   (incl. Generated)
        26          0          4          0          0          0   (incl. Padding)

    ----------------------------------------------------------------------

      Code (inc. data)   RO Data    RW Data    ZI Data      Debug   Library Member Name

         0          0          0          0          0          0   entry.o
         0          0          0          0          0          0   entry10a.o
         0          0          0          0          0          0   entry11a.o
         4          0          0          0          0          0   entry12b.o
         8          4          0          0          0          0   entry2.o
         4          0          0          0          0          0   entry5.o
         0          0          0          0          0          0   entry7b.o
         0          0          0          0          0          0   entry8b.o
         8          4          0          0          0          0   entry9a.o
        30          0          0          0          0          0   handlers.o
        36          8          0          0          0         68   init.o
         0          0          0          0          0          0   iusefp.o
        30          0          0          0          0         68   llshl.o
        36          0          0          0          0         68   llsshr.o
        32          0          0          0          0         68   llushr.o
        36          0          0          0          0        108   memseta.o
      2268         96          0          0          0        616   printfa.o
         0          0          0          4          0          0   stdout.o
        44          0          0          0          0         80   uidiv.o
        98          0          0          0          0         92   uldiv.o
        48          0          0          0          0         68   cdrcmple.o
       334          0          0          0          0        148   dadd.o
       222          0          0          0          0        100   ddiv.o
       186          0          0          0          0        176   depilogue.o
        48          0          0          0          0         68   dfixul.o
       228          0          0          0          0         96   dmul.o

    ----------------------------------------------------------------------
      3700        112          0          4          0       1824   Library Totals
         0          0          0          0          0          0   (incl. Padding)

    ----------------------------------------------------------------------

      Code (inc. data)   RO Data    RW Data    ZI Data      Debug   Library Name

      2634        112          0          4          0       1168   mc_w.l
      1066          0          0          0          0        656   mf_w.l

    ----------------------------------------------------------------------
      3700        112          0          4          0       1824   Library Totals

    ----------------------------------------------------------------------

==============================================================================


      Code (inc. data)   RO Data    RW Data    ZI Data      Debug   

     28912       1762       5884         52       3636    1540882   Grand Totals
     28912       1762       5884         52       3636    1540882   ELF Image Totals
     28912       1762       5884         52          0          0   ROM Totals

==============================================================================

    Total RO  Size (Code + RO Data)                34796 (  33.98kB)
    Total RW  Size (RW Data + ZI Data)              3688 (   3.60kB)
    Total ROM Size (Code + RO Data + RW Data)      34848 (  34.03kB)

==============================================================================

